ARM Linker, 5.03 [Build 24] [MDK-ARM Standard]

==============================================================================

Section Cross References

    main.o(.text) refers to sys_init.o(.text) for sysInit
    main.o(.text) refers to tasks.o(.text) for xTaskCreate
    main.o(.text) refers to usart3_imu.o(.text) for xTaskIMUDecoder
    main.o(.text) refers to reveiver.o(.text) for xTaskReceiver
    main.o(.text) refers to att_controller.o(.text) for xTaskController
    system_stm32f10x.o(.text) refers to system_stm32f10x.o(.data) for SystemCoreClock
    startup_stm32f10x_hd.o(STACK) refers (Special) to heapauxi.o(.text) for __use_two_region_memory
    startup_stm32f10x_hd.o(HEAP) refers (Special) to heapauxi.o(.text) for __use_two_region_memory
    startup_stm32f10x_hd.o(RESET) refers (Special) to heapauxi.o(.text) for __use_two_region_memory
    startup_stm32f10x_hd.o(RESET) refers to startup_stm32f10x_hd.o(STACK) for __initial_sp
    startup_stm32f10x_hd.o(RESET) refers to startup_stm32f10x_hd.o(.text) for Reset_Handler
    startup_stm32f10x_hd.o(RESET) refers to stm32f10x_it.o(.text) for NMI_Handler
    startup_stm32f10x_hd.o(RESET) refers to port.o(.emb_text) for vPortSVCHandler
    startup_stm32f10x_hd.o(RESET) refers to port.o(.text) for xPortSysTickHandler
    startup_stm32f10x_hd.o(RESET) refers to reveiver.o(.text) for TIM3_IRQHandler
    startup_stm32f10x_hd.o(RESET) refers to att_controller.o(.text) for TIM4_IRQHandler
    startup_stm32f10x_hd.o(RESET) refers to usart3_imu.o(.text) for USART3_IRQHandler
    startup_stm32f10x_hd.o(.text) refers (Special) to heapauxi.o(.text) for __use_two_region_memory
    startup_stm32f10x_hd.o(.text) refers to system_stm32f10x.o(.text) for SystemInit
    startup_stm32f10x_hd.o(.text) refers to __main.o(!!!main) for __main
    startup_stm32f10x_hd.o(.text) refers to startup_stm32f10x_hd.o(HEAP) for Heap_Mem
    startup_stm32f10x_hd.o(.text) refers to startup_stm32f10x_hd.o(STACK) for Stack_Mem
    stm32f10x_gpio.o(.text) refers to stm32f10x_rcc.o(.text) for RCC_APB2PeriphResetCmd
    stm32f10x_rcc.o(.text) refers to stm32f10x_rcc.o(.data) for APBAHBPrescTable
    stm32f10x_tim.o(.text) refers to stm32f10x_rcc.o(.text) for RCC_APB2PeriphResetCmd
    stm32f10x_usart.o(.text) refers to stm32f10x_rcc.o(.text) for RCC_APB2PeriphResetCmd
    sys.o(.text) refers to misc.o(.text) for NVIC_PriorityGroupConfig
    port.o(.emb_text) refers to tasks.o(.text) for vTaskSwitchContext
    port.o(.emb_text) refers to tasks.o(.data) for pxCurrentTCB
    port.o(.text) refers to port.o(.emb_text) for __asm___6_port_c_39a90d8d__prvStartFirstTask
    port.o(.text) refers to tasks.o(.text) for xTaskIncrementTick
    port.o(.text) refers to port.o(.data) for uxCriticalNesting
    queue.o(.text) refers to port.o(.text) for vPortEnterCritical
    queue.o(.text) refers to tasks.o(.text) for xTaskRemoveFromEventList
    queue.o(.text) refers to list.o(.text) for vListInitialise
    queue.o(.text) refers to heap_2.o(.text) for pvPortMalloc
    queue.o(.text) refers to rt_memcpy_v6.o(.text) for __aeabi_memcpy
    tasks.o(.text) refers to list.o(.text) for vListInitialise
    tasks.o(.text) refers to port.o(.text) for vPortEnterCritical
    tasks.o(.text) refers to heap_2.o(.text) for pvPortMalloc
    tasks.o(.text) refers to tasks.o(.bss) for pxReadyTasksLists
    tasks.o(.text) refers to tasks.o(.data) for pxDelayedTaskList
    heap_2.o(.text) refers to tasks.o(.text) for vTaskSuspendAll
    heap_2.o(.text) refers to heap_2.o(.bss) for ucHeap
    heap_2.o(.text) refers to heap_2.o(.data) for xStart
    timer2_pwm.o(.text) refers to stm32f10x_rcc.o(.text) for RCC_APB1PeriphClockCmd
    timer2_pwm.o(.text) refers to stm32f10x_gpio.o(.text) for GPIO_Init
    timer2_pwm.o(.text) refers to stm32f10x_tim.o(.text) for TIM_TimeBaseInit
    pid.o(.text) refers to faddsub_clz.o(x$fpl$fsub) for __aeabi_fsub
    pid.o(.text) refers to faddsub_clz.o(x$fpl$fadd) for __aeabi_fadd
    pid.o(.text) refers to fdiv.o(x$fpl$fdiv) for __aeabi_fdiv
    pid.o(.text) refers to fmul.o(x$fpl$fmul) for __aeabi_fmul
    pid.o(.text) refers to frleqf.o(x$fpl$frleqf) for __aeabi_cfrcmple
    pid.o(.text) refers to fleqf.o(x$fpl$fleqf) for __aeabi_cfcmple
    pwm.o(.text) refers to faddsub_clz.o(x$fpl$fadd) for __aeabi_fadd
    pwm.o(.text) refers to f2d.o(x$fpl$f2d) for __aeabi_f2d
    pwm.o(.text) refers to dmul.o(x$fpl$dmul) for __aeabi_dmul
    pwm.o(.text) refers to dfixu.o(x$fpl$dfixu) for __aeabi_d2uiz
    pwm.o(.text) refers to stm32f10x_tim.o(.text) for TIM_SetCompare1
    reveiver.o(.text) refers to fmul.o(x$fpl$fmul) for __aeabi_fmul
    reveiver.o(.text) refers to powf.o(i.powf) for powf
    reveiver.o(.text) refers to faddsub_clz.o(x$fpl$fsub) for __aeabi_fsub
    reveiver.o(.text) refers to faddsub_clz.o(x$fpl$fadd) for __aeabi_fadd
    reveiver.o(.text) refers to tasks.o(.text) for xTaskGetCurrentTaskHandle
    reveiver.o(.text) refers to fflt_clz.o(x$fpl$fflt) for __aeabi_i2f
[...]
    .ARM.Collect$$libinit$$00000031          0x080001a6   Section        2  libinit2.o(.ARM.Collect$$libinit$$00000031)
    .ARM.Collect$$libshutdown$$00000000      0x080001a8   Section        2  libshutdown.o(.ARM.Collect$$libshutdown$$00000000)
    .ARM.Collect$$libshutdown$$00000003      0x080001aa   Section        0  libshutdown2.o(.ARM.Collect$$libshutdown$$00000003)
    .ARM.Collect$$libshutdown$$00000006      0x080001aa   Section        0  libshutdown2.o(.ARM.Collect$$libshutdown$$00000006)
    .ARM.Collect$$libshutdown$$00000009      0x080001aa   Section        0  libshutdown2.o(.ARM.Collect$$libshutdown$$00000009)
    .ARM.Collect$$libshutdown$$0000000B      0x080001aa   Section        0  libshutdown2.o(.ARM.Collect$$libshutdown$$0000000B)
    .ARM.Collect$$libshutdown$$0000000E      0x080001aa   Section        0  libshutdown2.o(.ARM.Collect$$libshutdown$$0000000E)
    .ARM.Collect$$libshutdown$$0000000F      0x080001aa   Section        2  libshutdown2.o(.ARM.Collect$$libshutdown$$0000000F)
    .ARM.Collect$$rtentry$$00000000          0x080001ac   Section        0  rtentry.o(.ARM.Collect$$rtentry$$00000000)
    .ARM.Collect$$rtentry$$00000002          0x080001ac   Section        0  rtentry2.o(.ARM.Collect$$rtentry$$00000002)
    .ARM.Collect$$rtentry$$00000004          0x080001ac   Section        6  rtentry4.o(.ARM.Collect$$rtentry$$00000004)
    .ARM.Collect$$rtentry$$00000009          0x080001b2   Section        0  rtentry2.o(.ARM.Collect$$rtentry$$00000009)
    .ARM.Collect$$rtentry$$0000000A          0x080001b2   Section        4  rtentry2.o(.ARM.Collect$$rtentry$$0000000A)
    .ARM.Collect$$rtentry$$0000000C          0x080001b6   Section        0  rtentry2.o(.ARM.Collect$$rtentry$$0000000C)
    .ARM.Collect$$rtentry$$0000000D          0x080001b6   Section        8  rtentry2.o(.ARM.Collect$$rtentry$$0000000D)
    .ARM.Collect$$rtexit$$00000000           0x080001be   Section        2  rtexit.o(.ARM.Collect$$rtexit$$00000000)
    .ARM.Collect$$rtexit$$00000002           0x080001c0   Section        0  rtexit2.o(.ARM.Collect$$rtexit$$00000002)
    .ARM.Collect$$rtexit$$00000003           0x080001c0   Section        4  rtexit2.o(.ARM.Collect$$rtexit$$00000003)
    .ARM.Collect$$rtexit$$00000004           0x080001c4   Section        6  rtexit2.o(.ARM.Collect$$rtexit$$00000004)
    .emb_text                                0x080001cc   Section      150  port.o(.emb_text)
    .text                                    0x08000264   Section        0  main.o(.text)
    .text                                    0x08000308   Section        0  stm32f10x_it.o(.text)
    .text                                    0x08000324   Section        0  system_stm32f10x.o(.text)
    SetSysClockTo72                          0x08000325   Thumb Code   212  system_stm32f10x.o(.text)
    SetSysClock                              0x080003f9   Thumb Code     8  system_stm32f10x.o(.text)
    .text                                    0x08000500   Section       64  startup_stm32f10x_hd.o(.text)
    .text                                    0x08000540   Section        0  misc.o(.text)
    .text                                    0x0800061c   Section        0  stm32f10x_gpio.o(.text)
    .text                                    0x08000974   Section        0  stm32f10x_rcc.o(.text)
    .text                                    0x08000d18   Section        0  stm32f10x_tim.o(.text)
    TI4_Config                               0x080011bf   Thumb Code   130  stm32f10x_tim.o(.text)
    TI3_Config                               0x08001253   Thumb Code   122  stm32f10x_tim.o(.text)
    TI2_Config                               0x080012e7   Thumb Code   130  stm32f10x_tim.o(.text)
    TI1_Config                               0x0800137b   Thumb Code   108  stm32f10x_tim.o(.text)
    .text                                    0x08001b34   Section        0  stm32f10x_usart.o(.text)
    .text                                    0x08001f3c   Section        0  sys.o(.text)
    .text                                    0x08001f48   Section        0  list.o(.text)
    .text                                    0x08001fdc   Section        0  port.o(.text)
    prvTaskExitError                         0x08001fdd   Thumb Code    22  port.o(.text)
    .text                                    0x080020c4   Section        0  tasks.o(.text)
    prvInitialiseTaskLists                   0x080020c5   Thumb Code    70  tasks.o(.text)
    prvAddNewTaskToReadyList                 0x0800210b   Thumb Code   150  tasks.o(.text)
    prvInitialiseNewTask                     0x080021a1   Thumb Code   128  tasks.o(.text)
    prvResetNextTaskUnblockTime              0x08002281   Thumb Code    42  tasks.o(.text)
    prvDeleteTCB                             0x080022ab   Thumb Code    18  tasks.o(.text)
    prvAddCurrentTaskToDelayedList           0x0800256d   Thumb Code   124  tasks.o(.text)
    prvTaskIsTaskSuspended                   0x080028a3   Thumb Code    56  tasks.o(.text)
    prvCheckTasksWaitingTermination          0x08002a07   Thumb Code    86  tasks.o(.text)
    prvIdleTask                              0x08002a5d   Thumb Code    32  tasks.o(.text)
    .text                                    0x08003068   Section        0  heap_2.o(.text)
    prvHeapInit                              0x08003069   Thumb Code    42  heap_2.o(.text)
    .text                                    0x0800318c   Section        0  timer2_pwm.o(.text)
    .text                                    0x080032f0   Section        0  pid.o(.text)
    .text                                    0x080034a8   Section        0  pwm.o(.text)
    .text                                    0x080035bc   Section        0  reveiver.o(.text)
    .text                                    0x08003be4   Section        0  rotors.o(.text)
    constrain                                0x08003be5   Thumb Code    62  rotors.o(.text)
    .text                                    0x08003d48   Section        0  sys_init.o(.text)
    .text                                    0x08003d90   Section        0  att_controller.o(.text)
    .text                                    0x08004024   Section        0  usart3_imu.o(.text)
    .text                                    0x08004394   Section        2  use_no_semi_2.o(.text)
    .text                                    0x08004396   Section        0  heapauxi.o(.text)
    .text                                    0x0800439c   Section        2  use_no_semi.o(.text)
    .text                                    0x0800439e   Section        0  _rserrno.o(.text)
    .text                                    0x080043b4   Section        8  rt_errno_addr_intlibspace.o(.text)
    .text                                    0x080043bc   Section        8  libspace.o(.text)
    .text                                    0x080043c4   Section       74  sys_stackheap_outer.o(.text)
    .text                                    0x0800440e   Section        0  exit.o(.text)
    i.__ARM_fpclassify                       0x0800441a   Section        0  fpclassify.o(i.__ARM_fpclassify)
    i.__ARM_fpclassifyf                      0x08004442   Section        0  fpclassifyf.o(i.__ARM_fpclassifyf)
    i.__ieee754_rem_pio2                     0x08004468   Section        0  rred.o(i.__ieee754_rem_pio2)
    i.__kernel_cos                           0x080047f0   Section        0  cos_i.o(i.__kernel_cos)
    i.__kernel_poly                          0x080048ec   Section        0  poly.o(i.__kernel_poly)
    i.__kernel_sin                           0x08004998   Section        0  sin_i.o(i.__kernel_sin)
    i.__mathlib_dbl_underflow                0x08004a84   Section        0  dunder.o(i.__mathlib_dbl_underflow)
    i.__mathlib_flt_underflow                0x08004a94   Section        0  funder.o(i.__mathlib_flt_underflow)
    i.cos                                    0x08004aa0   Section        0  cos.o(i.cos)
    i.powf                                   0x08004b4c   Section        0  powf.o(i.powf)
    x$fpl$d2f                                0x0800514c   Section       98  d2f.o(x$fpl$d2f)
    x$fpl$dadd                               0x080051b0   Section      336  daddsub_clz.o(x$fpl$dadd)
    _dadd1                                   0x080051c1   Thumb Code     0  daddsub_clz.o(x$fpl$dadd)
    x$fpl$dcheck1                            0x08005300   Section       16  dcheck1.o(x$fpl$dcheck1)
    x$fpl$dcmpinf                            0x08005310   Section       24  dcmpi.o(x$fpl$dcmpinf)
    x$fpl$ddiv                               0x08005328   Section      688  ddiv.o(x$fpl$ddiv)
    ddiv_entry                               0x0800532f   Thumb Code     0  ddiv.o(x$fpl$ddiv)
    x$fpl$dfix                               0x080055d8   Section       94  dfix.o(x$fpl$dfix)
    x$fpl$dfixu                              0x08005638   Section       90  dfixu.o(x$fpl$dfixu)
    x$fpl$dflt                               0x08005692   Section       46  dflt_clz.o(x$fpl$dflt)
    x$fpl$dfltu                              0x080056c0   Section       38  dflt_clz.o(x$fpl$dfltu)
    x$fpl$dleqf                              0x080056e8   Section      120  dleqf.o(x$fpl$dleqf)
    x$fpl$dmul                               0x08005760   Section      340  dmul.o(x$fpl$dmul)
    x$fpl$dnaninf                            0x080058b4   Section      156  dnaninf.o(x$fpl$dnaninf)
    x$fpl$dretinf                            0x08005950   Section       12  dretinf.o(x$fpl$dretinf)
    x$fpl$drleqf                             0x0800595c   Section      108  drleqf.o(x$fpl$drleqf)
    x$fpl$drsb                               0x080059c8   Section       22  daddsub_clz.o(x$fpl$drsb)
    x$fpl$dsub                               0x080059e0   Section      468  daddsub_clz.o(x$fpl$dsub)
    _dsub1                                   0x080059f1   Thumb Code     0  daddsub_clz.o(x$fpl$dsub)
    x$fpl$f2d                                0x08005bb4   Section       86  f2d.o(x$fpl$f2d)
    x$fpl$fadd                               0x08005c0c   Section      196  faddsub_clz.o(x$fpl$fadd)
    _fadd1                                   0x08005c1b   Thumb Code     0  faddsub_clz.o(x$fpl$fadd)
    x$fpl$fcheck1                            0x08005cd0   Section       12  fcheck1.o(x$fpl$fcheck1)
    x$fpl$fcmpinf                            0x08005cdc   Section       24  fcmpi.o(x$fpl$fcmpinf)
    x$fpl$fdiv                               0x08005cf4   Section      388  fdiv.o(x$fpl$fdiv)
    _fdiv1                                   0x08005cf5   Thumb Code     0  fdiv.o(x$fpl$fdiv)
    x$fpl$feqf                               0x08005e78   Section      104  feqf.o(x$fpl$feqf)
    x$fpl$ffixr                              0x08005ee0   Section       82  ffix.o(x$fpl$ffixr)
    x$fpl$fflt                               0x08005f34   Section       48  fflt_clz.o(x$fpl$fflt)
    x$fpl$fleqf                              0x08005f64   Section      104  fleqf.o(x$fpl$fleqf)
    x$fpl$fmul                               0x08005fcc   Section      258  fmul.o(x$fpl$fmul)
    x$fpl$fnaninf                            0x080060ce   Section      140  fnaninf.o(x$fpl$fnaninf)
    x$fpl$fretinf                            0x0800615a   Section       10  fretinf.o(x$fpl$fretinf)
    x$fpl$frleqf                             0x08006164   Section       98  frleqf.o(x$fpl$frleqf)
    x$fpl$frsb                               0x080061c6   Section       20  faddsub_clz.o(x$fpl$frsb)
    x$fpl$fsub                               0x080061dc   Section      234  faddsub_clz.o(x$fpl$fsub)
    _fsub1                                   0x080061eb   Thumb Code     0  faddsub_clz.o(x$fpl$fsub)
    x$fpl$retnan                             0x080062c6   Section      100  retnan.o(x$fpl$retnan)
    x$fpl$scalbn                             0x0800632a   Section       92  scalbn.o(x$fpl$scalbn)
    x$fpl$scalbnf                            0x08006386   Section       76  scalbnf.o(x$fpl$scalbnf)
    x$fpl$trapveneer                         0x080063d2   Section       48  trapv.o(x$fpl$trapveneer)
    x$fpl$usenofp                            0x08006402   Section        0  usenofp.o(x$fpl$usenofp)
    .constdata                               0x08006404   Section      320  powf.o(.constdata)
    table                                    0x08006404   Data         128  powf.o(.constdata)
    powersof2to1over16top                    0x08006484   Data          64  powf.o(.constdata)
    powersof2to1over16bot                    0x080064c4   Data          64  powf.o(.constdata)
    powersof2to1over16all                    0x08006504   Data          64  powf.o(.constdata)
    .constdata                               0x08006548   Section       48  cos_i.o(.constdata)
    C                                        0x08006548   Data          48  cos_i.o(.constdata)
    .constdata                               0x08006578   Section      200  rred.o(.constdata)
    pio2s                                    0x08006578   Data          48  rred.o(.constdata)
    twooverpi                                0x080065a8   Data         152  rred.o(.constdata)
    .constdata                               0x08006640   Section       40  sin_i.o(.constdata)
    S                                        0x08006640   Data          40  sin_i.o(.constdata)
    .data                                    0x20000000   Section       20  system_stm32f10x.o(.data)
    .data                                    0x20000014   Section       20  stm32f10x_rcc.o(.data)
    APBAHBPrescTable                         0x20000014   Data          16  stm32f10x_rcc.o(.data)
    ADCPrescTable                            0x20000024   Data           4  stm32f10x_rcc.o(.data)
    .data                                    0x20000028   Section        4  port.o(.data)
    uxCriticalNesting                        0x20000028   Data           4  port.o(.data)
    .data                                    0x2000002c   Section       60  tasks.o(.data)
    uxDeletedTasksWaitingCleanUp             0x20000030   Data           4  tasks.o(.data)
    uxCurrentNumberOfTasks                   0x20000034   Data           4  tasks.o(.data)
    xTickCount                               0x20000038   Data           4  tasks.o(.data)
    uxTopReadyPriority                       0x2000003c   Data           4  tasks.o(.data)
    xSchedulerRunning                        0x20000040   Data           4  tasks.o(.data)
    uxPendedTicks                            0x20000044   Data           4  tasks.o(.data)
    xYieldPending                            0x20000048   Data           4  tasks.o(.data)
    xNumOfOverflows                          0x2000004c   Data           4  tasks.o(.data)
    uxTaskNumber                             0x20000050   Data           4  tasks.o(.data)
    xNextTaskUnblockTime                     0x20000054   Data           4  tasks.o(.data)
    xIdleTaskHandle                          0x20000058   Data           4  tasks.o(.data)
    uxSchedulerSuspended                     0x2000005c   Data           4  tasks.o(.data)
    pxDelayedTaskList                        0x20000060   Data           4  tasks.o(.data)
    pxOverflowDelayedTaskList                0x20000064   Data           4  tasks.o(.data)
    .data                                    0x20000068   Section       24  heap_2.o(.data)
    xFreeBytesRemaining                      0x20000068   Data           4  heap_2.o(.data)
    xHeapHasBeenInitialised                  0x2000006c   Data           4  heap_2.o(.data)
    xStart                                   0x20000070   Data           8  heap_2.o(.data)
    xEnd                                     0x20000078   Data           8  heap_2.o(.data)
    .data                                    0x20000080   Section       16  reveiver.o(.data)
    armFlag                                  0x20000080   Data           1  reveiver.o(.data)
    TIM3CH1_ST                               0x20000081   Data           1  reveiver.o(.data)
    TIM3CH2_ST                               0x20000082   Data           1  reveiver.o(.data)
    TIM3CH3_ST                               0x20000083   Data           1  reveiver.o(.data)
    TIM3CH4_ST                               0x20000084   Data           1  reveiver.o(.data)
    ppmHeader                                0x20000085   Data           1  reveiver.o(.data)
    xTaskToNotify                            0x20000088   Data           4  reveiver.o(.data)
    Thrust                                   0x2000008c   Data           4  reveiver.o(.data)
    .data                                    0x20000090   Section       29  att_controller.o(.data)
    pwm1Ratio                                0x20000090   Data           4  att_controller.o(.data)
    pwm2Ratio                                0x20000094   Data           4  att_controller.o(.data)
    pwm3Ratio                                0x20000098   Data           4  att_controller.o(.data)
    pwm4Ratio                                0x2000009c   Data           4  att_controller.o(.data)
    xTaskToNotify                            0x200000a0   Data           4  att_controller.o(.data)
    desiredThrust                            0x200000a4   Data           4  att_controller.o(.data)
    desiredThrustCom                         0x200000a8   Data           4  att_controller.o(.data)
    armFlag                                  0x200000ac   Data           1  att_controller.o(.data)
    .data                                    0x200000b0   Section       13  usart3_imu.o(.data)
    counter                                  0x200000b0   Data           1  usart3_imu.o(.data)
    xTaskToNotify                            0x200000b8   Data           4  usart3_imu.o(.data)
    IMUBuff                                  0x200000bc   Data           1  usart3_imu.o(.data)
    .bss                                     0x200000c0   Section      200  tasks.o(.bss)
    pxReadyTasksLists                        0x200000c0   Data         100  tasks.o(.bss)
    xDelayedTaskList1                        0x20000124   Data          20  tasks.o(.bss)
    xDelayedTaskList2                        0x20000138   Data          20  tasks.o(.bss)
    xPendingReadyList                        0x2000014c   Data          20  tasks.o(.bss)
    xTasksWaitingTermination                 0x20000160   Data          20  tasks.o(.bss)
    xSuspendedTaskList                       0x20000174   Data          20  tasks.o(.bss)
    .bss                                     0x20000188   Section    17408  heap_2.o(.bss)
    ucHeap                                   0x20000188   Data       17408  heap_2.o(.bss)
    .bss                                     0x20004588   Section       32  reveiver.o(.bss)
    receiverData                             0x20004588   Data          12  reveiver.o(.bss)
    Temp                                     0x20004594   Data          10  reveiver.o(.bss)
    Cap_buf                                  0x2000459e   Data          10  reveiver.o(.bss)
    .bss                                     0x200045a8   Section      336  att_controller.o(.bss)
    receiverData                             0x200045a8   Data          12  att_controller.o(.bss)
    rateActual                               0x200045b4   Data          12  att_controller.o(.bss)
    angleActual                              0x200045c0   Data          12  att_controller.o(.bss)
    angleDesired                             0x200045cc   Data          12  att_controller.o(.bss)
    rateDesired                              0x200045d8   Data          12  att_controller.o(.bss)
    torque                                   0x200045e4   Data          12  att_controller.o(.bss)
    pidRoll                                  0x200045f0   Data          44  att_controller.o(.bss)
    pidPitch                                 0x2000461c   Data          44  att_controller.o(.bss)
    pidRollRate                              0x20004648   Data          44  att_controller.o(.bss)
    pidPitchRate                             0x20004674   Data          44  att_controller.o(.bss)
    pidYaw                                   0x200046a0   Data          44  att_controller.o(.bss)
    pidYawRate                               0x200046cc   Data          44  att_controller.o(.bss)
    .bss                                     0x200046f8   Section       48  usart3_imu.o(.bss)
    Temp                                     0x200046f8   Data          11  usart3_imu.o(.bss)
    Re_buf                                   0x20004703   Data          11  usart3_imu.o(.bss)
    rate                                     0x20004710   Data          12  usart3_imu.o(.bss)
    angle                                    0x2000471c   Data          12  usart3_imu.o(.bss)
    .bss                                     0x20004728   Section       96  libspace.o(.bss)
    HEAP                                     0x20004788   Section      512  startup_stm32f10x_hd.o(HEAP)
    Heap_Mem                                 0x20004788   Data         512  startup_stm32f10x_hd.o(HEAP)
    STACK                                    0x20004988   Section     1024  startup_stm32f10x_hd.o(STACK)
    Stack_Mem                                0x20004988   Data        1024  startup_stm32f10x_hd.o(STACK)
    __initial_sp                             0x20004d88   Data           0  startup_stm32f10x_hd.o(STACK)

    Global Symbols

    Symbol Name                              Value     Ov Type        Size  Object(Section)

    BuildAttributes$$THM_ISAv4$P$D$K$B$S$PE$A:L22UL41UL21$X:L11$S22US41US21$IEEE1$IW$USESV6$~STKCKD$USESV7$~SHL$OTIME$ROPI$IEEEX$EBA8$UX$STANDARDLIB$REQ8$PRES8$EABIv2 0x00000000   Number         0  anon$$obj.o ABSOLUTE
    __ARM_use_no_argv                        0x00000000   Number         0  main.o ABSOLUTE
    __ARM_exceptions_init                     - Undefined Weak Reference
    __alloca_initialize                       - Undefined Weak Reference
    __cpp_initialize__aeabi_                  - Undefined Weak Reference
    __cxa_finalize                            - Undefined Weak Reference
    __rt_locale                               - Undefined Weak Reference
    __sigvec_lookup                           - Undefined Weak Reference
    _atexit_init                              - Undefined Weak Reference
    _call_atexit_fns                          - Undefined Weak Reference
    _clock_init                               - Undefined Weak Reference
    _fp_trap_init                             - Undefined Weak Reference
    _fp_trap_shutdown                         - Undefined Weak Reference
    _get_lc_collate                           - Undefined Weak Reference
    _get_lc_ctype                             - Undefined Weak Reference
    _get_lc_monetary                          - Undefined Weak Reference
    _get_lc_numeric                           - Undefined Weak Reference
    _get_lc_time                              - Undefined Weak Reference
    _getenv_init                              - Undefined Weak Reference
    _handle_redirection                       - Undefined Weak Reference
    _init_alloc                               - Undefined Weak Reference
    _init_user_alloc                          - Undefined Weak Reference
    _initio                                   - Undefined Weak Reference
    _rand_init                                - Undefined Weak Reference
    _signal_finish                            - Undefined Weak Reference
    _signal_init                              - Undefined Weak Reference
    _terminate_alloc                          - Undefined Weak Reference
    _terminate_user_alloc                     - Undefined Weak Reference
    _terminateio                              - Undefined Weak Reference
    __Vectors_Size                           0x00000130   Number         0  startup_stm32f10x_hd.o ABSOLUTE
    __Vectors                                0x08000000   Data           4  startup_stm32f10x_hd.o(RESET)
    __Vectors_End                            0x08000130   Data           0  startup_stm32f10x_hd.o(RESET)
    __main                                   0x08000131   Thumb Code     8  __main.o(!!!main)
    __scatterload                            0x08000139   Thumb Code     0  __scatter.o(!!!scatter)
    __scatterload_rt2                        0x08000139   Thumb Code    44  __scatter.o(!!!scatter)
    __scatterload_rt2_thumb_only             0x08000139   Thumb Code     0  __scatter.o(!!!scatter)
    __scatterload_null                       0x08000147   Thumb Code     0  __scatter.o(!!!scatter)
    __scatterload_copy                       0x0800016d   Thumb Code    26  __scatter_copy.o(!!handler_copy)
    __scatterload_zeroinit                   0x08000189   Thumb Code    28  __scatter_zi.o(!!handler_zi)
    __rt_lib_init                            0x080001a5   Thumb Code     0  libinit.o(.ARM.Collect$$libinit$$00000000)
    __rt_lib_init_alloca_1                   0x080001a7   Thumb Code     0  libinit2.o(.ARM.Collect$$libinit$$0000002C)
    __rt_lib_init_argv_1                     0x080001a7   Thumb Code     0  libinit2.o(.ARM.Collect$$libinit$$0000002A)
    __rt_lib_init_atexit_1                   0x080001a7   Thumb Code     0  libinit2.o(.ARM.Collect$$libinit$$00000019)
    __rt_lib_init_clock_1                    0x080001a7   Thumb Code     0  libinit2.o(.ARM.Collect$$libinit$$0000001F)
    __rt_lib_init_cpp_1                      0x080001a7   Thumb Code     0  libinit2.o(.ARM.Collect$$libinit$$00000030)
    __rt_lib_init_exceptions_1               0x080001a7   Thumb Code     0  libinit2.o(.ARM.Collect$$libinit$$0000002E)
    __rt_lib_init_fp_1                       0x080001a7   Thumb Code     0  libinit2.o(.ARM.Collect$$libinit$$00000002)
    __rt_lib_init_fp_trap_1                  0x080001a7   Thumb Code     0  libinit2.o(.ARM.Collect$$libinit$$0000001D)
    __rt_lib_init_getenv_1                   0x080001a7   Thumb Code     0  libinit2.o(.ARM.Collect$$libinit$$00000021)
    __rt_lib_init_heap_1                     0x080001a7   Thumb Code     0  libinit2.o(.ARM.Collect$$libinit$$00000008)
    __rt_lib_init_lc_collate_1               0x080001a7   Thumb Code     0  libinit2.o(.ARM.Collect$$libinit$$0000000F)
    __rt_lib_init_lc_ctype_1                 0x080001a7   Thumb Code     0  libinit2.o(.ARM.Collect$$libinit$$00000011)
    __rt_lib_init_lc_monetary_1              0x080001a7   Thumb Code     0  libinit2.o(.ARM.Collect$$libinit$$00000013)
    __rt_lib_init_lc_numeric_1               0x080001a7   Thumb Code     0  libinit2.o(.ARM.Collect$$libinit$$00000015)
    __rt_lib_init_lc_time_1                  0x080001a7   Thumb Code     0  libinit2.o(.ARM.Collect$$libinit$$00000017)
    __rt_lib_init_rand_1                     0x080001a7   Thumb Code     0  libinit2.o(.ARM.Collect$$libinit$$0000000C)
    __rt_lib_init_return                     0x080001a7   Thumb Code     0  libinit2.o(.ARM.Collect$$libinit$$00000031)
    __rt_lib_init_signal_1                   0x080001a7   Thumb Code     0  libinit2.o(.ARM.Collect$$libinit$$0000001B)
    __rt_lib_init_stdio_1                    0x080001a7   Thumb Code     0  libinit2.o(.ARM.Collect$$libinit$$00000023)
    __rt_lib_init_user_alloc_1               0x080001a7   Thumb Code     0  libinit2.o(.ARM.Collect$$libinit$$0000000A)
    __rt_lib_shutdown                        0x080001a9   Thumb Code     0  libshutdown.o(.ARM.Collect$$libshutdown$$00000000)
    __rt_lib_shutdown_fp_trap_1              0x080001ab   Thumb Code     0  libshutdown2.o(.ARM.Collect$$libshutdown$$00000006)
    __rt_lib_shutdown_heap_1                 0x080001ab   Thumb Code     0  libshutdown2.o(.ARM.Collect$$libshutdown$$0000000E)
    __rt_lib_shutdown_return                 0x080001ab   Thumb Code     0  libshutdown2.o(.ARM.Collect$$libshutdown$$0000000F)
    __rt_lib_shutdown_signal_1               0x080001ab   Thumb Code     0  libshutdown2.o(.ARM.Collect$$libshutdown$$00000009)
    __rt_lib_shutdown_stdio_1                0x080001ab   Thumb Code     0  libshutdown2.o(.ARM.Collect$$libshutdown$$00000003)
    __rt_lib_shutdown_user_alloc_1           0x080001ab   Thumb Code     0  libshutdown2.o(.ARM.Collect$$libshutdown$$0000000B)
    __rt_entry                               0x080001ad   Thumb Code     0  rtentry.o(.ARM.Collect$$rtentry$$00000000)
    __rt_entry_presh_1                       0x080001ad   Thumb Code     0  rtentry2.o(.ARM.Collect$$rtentry$$00000002)
    __rt_entry_sh                            0x080001ad   Thumb Code     0  rtentry4.o(.ARM.Collect$$rtentry$$00000004)
    __rt_entry_li                            0x080001b3   Thumb Code     0  rtentry2.o(.ARM.Collect$$rtentry$$0000000A)
    __rt_entry_postsh_1                      0x080001b3   Thumb Code     0  rtentry2.o(.ARM.Collect$$rtentry$$00000009)
    __rt_entry_main                          0x080001b7   Thumb Code     0  rtentry2.o(.ARM.Collect$$rtentry$$0000000D)
    __rt_entry_postli_1                      0x080001b7   Thumb Code     0  rtentry2.o(.ARM.Collect$$rtentry$$0000000C)
    __rt_exit                                0x080001bf   Thumb Code     0  rtexit.o(.ARM.Collect$$rtexit$$00000000)
    __rt_exit_ls                             0x080001c1   Thumb Code     0  rtexit2.o(.ARM.Collect$$rtexit$$00000003)
    __rt_exit_prels_1                        0x080001c1   Thumb Code     0  rtexit2.o(.ARM.Collect$$rtexit$$00000002)
    __rt_exit_exit                           0x080001c5   Thumb Code     0  rtexit2.o(.ARM.Collect$$rtexit$$00000004)
    vPortSVCHandler                          0x080001cd   Thumb Code    32  port.o(.emb_text)
    __asm___6_port_c_39a90d8d__prvStartFirstTask 0x080001f1   Thumb Code    28  port.o(.emb_text)
    xPortPendSVHandler                       0x08000211   Thumb Code    72  port.o(.emb_text)
    vPortGetIPSR                             0x0800025d   Thumb Code     6  port.o(.emb_text)
    main                                     0x08000265   Thumb Code    78  main.o(.text)
    NMI_Handler                              0x08000309   Thumb Code     2  stm32f10x_it.o(.text)
    HardFault_Handler                        0x0800030b   Thumb Code     4  stm32f10x_it.o(.text)
    MemManage_Handler                        0x0800030f   Thumb Code     4  stm32f10x_it.o(.text)
    BusFault_Handler                         0x08000313   Thumb Code     4  stm32f10x_it.o(.text)
    UsageFault_Handler                       0x08000317   Thumb Code     4  stm32f10x_it.o(.text)
    SVC_Handler                              0x0800031b   Thumb Code     2  stm32f10x_it.o(.text)
    DebugMon_Handler                         0x0800031d   Thumb Code     2  stm32f10x_it.o(.text)
    PendSV_Handler                           0x0800031f   Thumb Code     2  stm32f10x_it.o(.text)
    SysTick_Handler                          0x08000321   Thumb Code     2  stm32f10x_it.o(.text)
    SystemInit                               0x08000401   Thumb Code    78  system_stm32f10x.o(.text)
    SystemCoreClockUpdate                    0x0800044f   Thumb Code   142  system_stm32f10x.o(.text)
    Reset_Handler                            0x08000501   Thumb Code     8  startup_stm32f10x_hd.o(.text)
    ADC1_2_IRQHandler                        0x0800051b   Thumb Code     0  startup_stm32f10x_hd.o(.text)
    ADC3_IRQHandler                          0x0800051b   Thumb Code     0  startup_stm32f10x_hd.o(.text)
    CAN1_RX1_IRQHandler                      0x0800051b   Thumb Code     0  startup_stm32f10x_hd.o(.text)
    CAN1_SCE_IRQHandler                      0x0800051b   Thumb Code     0  startup_stm32f10x_hd.o(.text)
    DMA1_Channel1_IRQHandler                 0x0800051b   Thumb Code     0  startup_stm32f10x_hd.o(.text)
    DMA1_Channel2_IRQHandler                 0x0800051b   Thumb Code     0  startup_stm32f10x_hd.o(.text)
    DMA1_Channel3_IRQHandler                 0x0800051b   Thumb Code     0  startup_stm32f10x_hd.o(.text)
    DMA1_Channel4_IRQHandler                 0x0800051b   Thumb Code     0  startup_stm32f10x_hd.o(.text)
    DMA1_Channel5_IRQHandler                 0x0800051b   Thumb Code     0  startup_stm32f10x_hd.o(.text)
    DMA1_Channel6_IRQHandler                 0x0800051b   Thumb Code     0  startup_stm32f10x_hd.o(.text)
    DMA1_Channel7_IRQHandler                 0x0800051b   Thumb Code     0  startup_stm32f10x_hd.o(.text)
    DMA2_Channel1_IRQHandler                 0x0800051b   Thumb Code     0  startup_stm32f10x_hd.o(.text)
    DMA2_Channel2_IRQHandler                 0x0800051b   Thumb Code     0  startup_stm32f10x_hd.o(.text)
    DMA2_Channel3_IRQHandler                 0x0800051b   Thumb Code     0  startup_stm32f10x_hd.o(.text)
    DMA2_Channel4_5_IRQHandler               0x0800051b   Thumb Code     0  startup_stm32f10x_hd.o(.text)
    EXTI0_IRQHandler                         0x0800051b   Thumb Code     0  startup_stm32f10x_hd.o(.text)
    EXTI15_10_IRQHandler                     0x0800051b   Thumb Code     0  startup_stm32f10x_hd.o(.text)
    EXTI1_IRQHandler                         0x0800051b   Thumb Code     0  startup_stm32f10x_hd.o(.text)
    EXTI2_IRQHandler                         0x0800051b   Thumb Code     0  startup_stm32f10x_hd.o(.text)
    EXTI3_IRQHandler                         0x0800051b   Thumb Code     0  startup_stm32f10x_hd.o(.text)
    EXTI4_IRQHandler                         0x0800051b   Thumb Code     0  startup_stm32f10x_hd.o(.text)
    EXTI9_5_IRQHandler                       0x0800051b   Thumb Code     0  startup_stm32f10x_hd.o(.text)
    FLASH_IRQHandler                         0x0800051b   Thumb Code     0  startup_stm32f10x_hd.o(.text)
    FSMC_IRQHandler                          0x0800051b   Thumb Code     0  startup_stm32f10x_hd.o(.text)
    I2C1_ER_IRQHandler                       0x0800051b   Thumb Code     0  startup_stm32f10x_hd.o(.text)
    I2C1_EV_IRQHandler                       0x0800051b   Thumb Code     0  startup_stm32f10x_hd.o(.text)
    I2C2_ER_IRQHandler                       0x0800051b   Thumb Code     0  startup_stm32f10x_hd.o(.text)
    I2C2_EV_IRQHandler                       0x0800051b   Thumb Code     0  startup_stm32f10x_hd.o(.text)
    PVD_IRQHandler                           0x0800051b   Thumb Code     0  startup_stm32f10x_hd.o(.text)
    RCC_IRQHandler                           0x0800051b   Thumb Code     0  startup_stm32f10x_hd.o(.text)
    RTCAlarm_IRQHandler                      0x0800051b   Thumb Code     0  startup_stm32f10x_hd.o(.text)
    RTC_IRQHandler                           0x0800051b   Thumb Code     0  startup_stm32f10x_hd.o(.text)
    SDIO_IRQHandler                          0x0800051b   Thumb Code     0  startup_stm32f10x_hd.o(.text)
    SPI1_IRQHandler                          0x0800051b   Thumb Code     0  startup_stm32f10x_hd.o(.text)
    SPI2_IRQHandler                          0x0800051b   Thumb Code     0  startup_stm32f10x_hd.o(.text)
    SPI3_IRQHandler                          0x0800051b   Thumb Code     0  startup_stm32f10x_hd.o(.text)
    TAMPER_IRQHandler                        0x0800051b   Thumb Code     0  startup_stm32f10x_hd.o(.text)
    TIM1_BRK_IRQHandler                      0x0800051b   Thumb Code     0  startup_stm32f10x_hd.o(.text)
    TIM1_CC_IRQHandler                       0x0800051b   Thumb Code     0  startup_stm32f10x_hd.o(.text)
    TIM1_TRG_COM_IRQHandler                  0x0800051b   Thumb Code     0  startup_stm32f10x_hd.o(.text)
    TIM1_UP_IRQHandler                       0x0800051b   Thumb Code     0  startup_stm32f10x_hd.o(.text)
    TIM2_IRQHandler                          0x0800051b   Thumb Code     0  startup_stm32f10x_hd.o(.text)
    TIM5_IRQHandler                          0x0800051b   Thumb Code     0  startup_stm32f10x_hd.o(.text)
    TIM6_IRQHandler                          0x0800051b   Thumb Code     0  startup_stm32f10x_hd.o(.text)
    TIM7_IRQHandler                          0x0800051b   Thumb Code     0  startup_stm32f10x_hd.o(.text)
    TIM8_BRK_IRQHandler                      0x0800051b   Thumb Code     0  startup_stm32f10x_hd.o(.text)
    TIM8_CC_IRQHandler                       0x0800051b   Thumb Code     0  startup_stm32f10x_hd.o(.text)
    TIM8_TRG_COM_IRQHandler                  0x0800051b   Thumb Code     0  startup_stm32f10x_hd.o(.text)
    TIM8_UP_IRQHandler                       0x0800051b   Thumb Code     0  startup_stm32f10x_hd.o(.text)
    UART4_IRQHandler                         0x0800051b   Thumb Code     0  startup_stm32f10x_hd.o(.text)
    UART5_IRQHandler                         0x0800051b   Thumb Code     0  startup_stm32f10x_hd.o(.text)
    USART1_IRQHandler                        0x0800051b   Thumb Code     0  startup_stm32f10x_hd.o(.text)
    USART2_IRQHandler                        0x0800051b   Thumb Code     0  startup_stm32f10x_hd.o(.text)
    USBWakeUp_IRQHandler                     0x0800051b   Thumb Code     0  startup_stm32f10x_hd.o(.text)
    USB_HP_CAN1_TX_IRQHandler                0x0800051b   Thumb Code     0  startup_stm32f10x_hd.o(.text)
    USB_LP_CAN1_RX0_IRQHandler               0x0800051b   Thumb Code     0  startup_stm32f10x_hd.o(.text)
    WWDG_IRQHandler                          0x0800051b   Thumb Code     0  startup_stm32f10x_hd.o(.text)
    __user_initial_stackheap                 0x0800051d   Thumb Code     0  startup_stm32f10x_hd.o(.text)
    NVIC_PriorityGroupConfig                 0x08000541   Thumb Code    10  misc.o(.text)
    NVIC_Init                                0x0800054b   Thumb Code   102  misc.o(.text)
    NVIC_SetVectorTable                      0x080005b1   Thumb Code    14  misc.o(.text)
    NVIC_SystemLPConfig                      0x080005bf   Thumb Code    34  misc.o(.text)
    SysTick_CLKSourceConfig                  0x080005e1   Thumb Code    40  misc.o(.text)
    GPIO_DeInit                              0x0800061d   Thumb Code   172  stm32f10x_gpio.o(.text)
    GPIO_AFIODeInit                          0x080006c9   Thumb Code    20  stm32f10x_gpio.o(.text)
    GPIO_Init                                0x080006dd   Thumb Code   274  stm32f10x_gpio.o(.text)
    GPIO_StructInit                          0x080007ef   Thumb Code    16  stm32f10x_gpio.o(.text)
    GPIO_ReadInputDataBit                    0x080007ff   Thumb Code    18  stm32f10x_gpio.o(.text)
    GPIO_ReadInputData                       0x08000811   Thumb Code     8  stm32f10x_gpio.o(.text)
    GPIO_ReadOutputDataBit                   0x08000819   Thumb Code    18  stm32f10x_gpio.o(.text)
    GPIO_ReadOutputData                      0x0800082b   Thumb Code     8  stm32f10x_gpio.o(.text)
    GPIO_SetBits                             0x08000833   Thumb Code     4  stm32f10x_gpio.o(.text)
    GPIO_ResetBits                           0x08000837   Thumb Code     4  stm32f10x_gpio.o(.text)
    GPIO_WriteBit                            0x0800083b   Thumb Code    10  stm32f10x_gpio.o(.text)
    GPIO_Write                               0x08000845   Thumb Code     4  stm32f10x_gpio.o(.text)
    GPIO_PinLockConfig                       0x08000849   Thumb Code    18  stm32f10x_gpio.o(.text)
    GPIO_EventOutputConfig                   0x0800085b   Thumb Code    26  stm32f10x_gpio.o(.text)
    GPIO_EventOutputCmd                      0x08000875   Thumb Code     6  stm32f10x_gpio.o(.text)
    GPIO_PinRemapConfig                      0x0800087b   Thumb Code   138  stm32f10x_gpio.o(.text)
    GPIO_EXTILineConfig                      0x08000905   Thumb Code    66  stm32f10x_gpio.o(.text)
    GPIO_ETH_MediaInterfaceConfig            0x08000947   Thumb Code     6  stm32f10x_gpio.o(.text)
    RCC_DeInit                               0x08000975   Thumb Code    64  stm32f10x_rcc.o(.text)
    RCC_HSEConfig                            0x080009b5   Thumb Code    70  stm32f10x_rcc.o(.text)
    RCC_GetFlagStatus                        0x080009fb   Thumb Code    56  stm32f10x_rcc.o(.text)
    RCC_WaitForHSEStartUp                    0x08000a33   Thumb Code    56  stm32f10x_rcc.o(.text)
    RCC_AdjustHSICalibrationValue            0x08000a6b   Thumb Code    20  stm32f10x_rcc.o(.text)
    RCC_HSICmd                               0x08000a7f   Thumb Code     6  stm32f10x_rcc.o(.text)
    RCC_PLLConfig                            0x08000a85   Thumb Code    24  stm32f10x_rcc.o(.text)
    RCC_PLLCmd                               0x08000a9d   Thumb Code     6  stm32f10x_rcc.o(.text)
    RCC_SYSCLKConfig                         0x08000aa3   Thumb Code    18  stm32f10x_rcc.o(.text)
    RCC_GetSYSCLKSource                      0x08000ab5   Thumb Code    10  stm32f10x_rcc.o(.text)
    RCC_HCLKConfig                           0x08000abf   Thumb Code    18  stm32f10x_rcc.o(.text)
    RCC_PCLK1Config                          0x08000ad1   Thumb Code    18  stm32f10x_rcc.o(.text)
    RCC_PCLK2Config                          0x08000ae3   Thumb Code    20  stm32f10x_rcc.o(.text)
    RCC_ITConfig                             0x08000af7   Thumb Code    26  stm32f10x_rcc.o(.text)
    RCC_USBCLKConfig                         0x08000b11   Thumb Code     6  stm32f10x_rcc.o(.text)
    RCC_ADCCLKConfig                         0x08000b17   Thumb Code    18  stm32f10x_rcc.o(.text)
    RCC_LSEConfig                            0x08000b29   Thumb Code    44  stm32f10x_rcc.o(.text)
    RCC_LSICmd                               0x08000b55   Thumb Code     6  stm32f10x_rcc.o(.text)
    RCC_RTCCLKConfig                         0x08000b5b   Thumb Code    12  stm32f10x_rcc.o(.text)
    RCC_RTCCLKCmd                            0x08000b67   Thumb Code     8  stm32f10x_rcc.o(.text)
    RCC_GetClocksFreq                        0x08000b6f   Thumb Code   192  stm32f10x_rcc.o(.text)
    RCC_AHBPeriphClockCmd                    0x08000c2f   Thumb Code    26  stm32f10x_rcc.o(.text)
    RCC_APB2PeriphClockCmd                   0x08000c49   Thumb Code    26  stm32f10x_rcc.o(.text)
    RCC_APB1PeriphClockCmd                   0x08000c63   Thumb Code    26  stm32f10x_rcc.o(.text)
    RCC_APB2PeriphResetCmd                   0x08000c7d   Thumb Code    26  stm32f10x_rcc.o(.text)
    RCC_APB1PeriphResetCmd                   0x08000c97   Thumb Code    26  stm32f10x_rcc.o(.text)
    RCC_BackupResetCmd                       0x08000cb1   Thumb Code     8  stm32f10x_rcc.o(.text)
    RCC_ClockSecuritySystemCmd               0x08000cb9   Thumb Code     6  stm32f10x_rcc.o(.text)
    RCC_MCOConfig                            0x08000cbf   Thumb Code     6  stm32f10x_rcc.o(.text)
    RCC_ClearFlag                            0x08000cc5   Thumb Code    14  stm32f10x_rcc.o(.text)
    RCC_GetITStatus                          0x08000cd3   Thumb Code    20  stm32f10x_rcc.o(.text)
    RCC_ClearITPendingBit                    0x08000ce7   Thumb Code     6  stm32f10x_rcc.o(.text)
    TIM_DeInit                               0x08000d19   Thumb Code   424  stm32f10x_tim.o(.text)
    TIM_TimeBaseInit                         0x08000ec1   Thumb Code   122  stm32f10x_tim.o(.text)
    TIM_OC1Init                              0x08000f3b   Thumb Code   132  stm32f10x_tim.o(.text)
    TIM_OC2Init                              0x08000fbf   Thumb Code   154  stm32f10x_tim.o(.text)
    TIM_OC3Init                              0x08001059   Thumb Code   150  stm32f10x_tim.o(.text)
    TIM_OC4Init                              0x080010ef   Thumb Code   182  stm32f10x_tim.o(.text)
    TIM_SetIC4Prescaler                      0x080011a5   Thumb Code    26  stm32f10x_tim.o(.text)
    TIM_SetIC3Prescaler                      0x08001241   Thumb Code    18  stm32f10x_tim.o(.text)
    TIM_SetIC2Prescaler                      0x080012cd   Thumb Code    26  stm32f10x_tim.o(.text)
    TIM_SetIC1Prescaler                      0x08001369   Thumb Code    18  stm32f10x_tim.o(.text)
    TIM_ICInit                               0x080013e7   Thumb Code   150  stm32f10x_tim.o(.text)
    TIM_PWMIConfig                           0x0800147d   Thumb Code   124  stm32f10x_tim.o(.text)
    TIM_BDTRConfig                           0x080014f9   Thumb Code    32  stm32f10x_tim.o(.text)
    TIM_TimeBaseStructInit                   0x08001519   Thumb Code    18  stm32f10x_tim.o(.text)
    TIM_OCStructInit                         0x0800152b   Thumb Code    20  stm32f10x_tim.o(.text)
    TIM_ICStructInit                         0x0800153f   Thumb Code    18  stm32f10x_tim.o(.text)
    TIM_BDTRStructInit                       0x08001551   Thumb Code    40  stm32f10x_tim.o(.text)
    TIM_Cmd                                  0x08001579   Thumb Code    24  stm32f10x_tim.o(.text)
    TIM_CtrlPWMOutputs                       0x08001591   Thumb Code    30  stm32f10x_tim.o(.text)
    TIM_ITConfig                             0x080015af   Thumb Code    18  stm32f10x_tim.o(.text)
    TIM_GenerateEvent                        0x080015c1   Thumb Code     4  stm32f10x_tim.o(.text)
    TIM_DMAConfig                            0x080015c5   Thumb Code    10  stm32f10x_tim.o(.text)
    TIM_DMACmd                               0x080015cf   Thumb Code    18  stm32f10x_tim.o(.text)
    TIM_InternalClockConfig                  0x080015e1   Thumb Code    12  stm32f10x_tim.o(.text)
    TIM_SelectInputTrigger                   0x080015ed   Thumb Code    18  stm32f10x_tim.o(.text)
    TIM_ITRxExternalClockConfig              0x080015ff   Thumb Code    24  stm32f10x_tim.o(.text)
    TIM_TIxExternalClockConfig               0x08001617   Thumb Code    62  stm32f10x_tim.o(.text)
    TIM_ETRConfig                            0x08001655   Thumb Code    28  stm32f10x_tim.o(.text)
    TIM_ETRClockMode1Config                  0x08001671   Thumb Code    54  stm32f10x_tim.o(.text)
    TIM_ETRClockMode2Config                  0x080016a7   Thumb Code    32  stm32f10x_tim.o(.text)
    TIM_PrescalerConfig                      0x080016c7   Thumb Code     6  stm32f10x_tim.o(.text)
    TIM_CounterModeConfig                    0x080016cd   Thumb Code    18  stm32f10x_tim.o(.text)
    TIM_EncoderInterfaceConfig               0x080016df   Thumb Code    66  stm32f10x_tim.o(.text)
    TIM_ForcedOC1Config                      0x08001721   Thumb Code    18  stm32f10x_tim.o(.text)
    TIM_ForcedOC2Config                      0x08001733   Thumb Code    26  stm32f10x_tim.o(.text)
    TIM_ForcedOC3Config                      0x0800174d   Thumb Code    18  stm32f10x_tim.o(.text)
    TIM_ForcedOC4Config                      0x0800175f   Thumb Code    26  stm32f10x_tim.o(.text)
    TIM_ARRPreloadConfig                     0x08001779   Thumb Code    24  stm32f10x_tim.o(.text)
    TIM_SelectCOM                            0x08001791   Thumb Code    24  stm32f10x_tim.o(.text)
    TIM_SelectCCDMA                          0x080017a9   Thumb Code    24  stm32f10x_tim.o(.text)
    TIM_CCPreloadControl                     0x080017c1   Thumb Code    24  stm32f10x_tim.o(.text)
    TIM_OC1PreloadConfig                     0x080017d9   Thumb Code    18  stm32f10x_tim.o(.text)
    TIM_OC2PreloadConfig                     0x080017eb   Thumb Code    26  stm32f10x_tim.o(.text)
    TIM_OC3PreloadConfig                     0x08001805   Thumb Code    18  stm32f10x_tim.o(.text)
    TIM_OC4PreloadConfig                     0x08001817   Thumb Code    26  stm32f10x_tim.o(.text)
    TIM_OC1FastConfig                        0x08001831   Thumb Code    18  stm32f10x_tim.o(.text)
    TIM_OC2FastConfig                        0x08001843   Thumb Code    26  stm32f10x_tim.o(.text)
    TIM_OC3FastConfig                        0x0800185d   Thumb Code    18  stm32f10x_tim.o(.text)
    TIM_OC4FastConfig                        0x0800186f   Thumb Code    26  stm32f10x_tim.o(.text)
    TIM_ClearOC1Ref                          0x08001889   Thumb Code    18  stm32f10x_tim.o(.text)
    TIM_ClearOC2Ref                          0x0800189b   Thumb Code    24  stm32f10x_tim.o(.text)
    TIM_ClearOC3Ref                          0x080018b3   Thumb Code    18  stm32f10x_tim.o(.text)
    TIM_ClearOC4Ref                          0x080018c5   Thumb Code    24  stm32f10x_tim.o(.text)
    TIM_OC1PolarityConfig                    0x080018dd   Thumb Code    18  stm32f10x_tim.o(.text)
    TIM_OC1NPolarityConfig                   0x080018ef   Thumb Code    18  stm32f10x_tim.o(.text)
    TIM_OC2PolarityConfig                    0x08001901   Thumb Code    26  stm32f10x_tim.o(.text)
    TIM_OC2NPolarityConfig                   0x0800191b   Thumb Code    26  stm32f10x_tim.o(.text)
    TIM_OC3PolarityConfig                    0x08001935   Thumb Code    26  stm32f10x_tim.o(.text)
    TIM_OC3NPolarityConfig                   0x0800194f   Thumb Code    26  stm32f10x_tim.o(.text)
    TIM_OC4PolarityConfig                    0x08001969   Thumb Code    26  stm32f10x_tim.o(.text)
    TIM_CCxCmd                               0x08001983   Thumb Code    30  stm32f10x_tim.o(.text)
    TIM_CCxNCmd                              0x080019a1   Thumb Code    30  stm32f10x_tim.o(.text)
    TIM_SelectOCxM                           0x080019bf   Thumb Code    82  stm32f10x_tim.o(.text)
    TIM_UpdateDisableConfig                  0x08001a11   Thumb Code    24  stm32f10x_tim.o(.text)
    TIM_UpdateRequestConfig                  0x08001a29   Thumb Code    24  stm32f10x_tim.o(.text)
    TIM_SelectHallSensor                     0x08001a41   Thumb Code    24  stm32f10x_tim.o(.text)
    TIM_SelectOnePulseMode                   0x08001a59   Thumb Code    18  stm32f10x_tim.o(.text)
    TIM_SelectOutputTrigger                  0x08001a6b   Thumb Code    18  stm32f10x_tim.o(.text)
    TIM_SelectSlaveMode                      0x08001a7d   Thumb Code    18  stm32f10x_tim.o(.text)
    TIM_SelectMasterSlaveMode                0x08001a8f   Thumb Code    18  stm32f10x_tim.o(.text)
    TIM_SetCounter                           0x08001aa1   Thumb Code     4  stm32f10x_tim.o(.text)
    TIM_SetAutoreload                        0x08001aa5   Thumb Code     4  stm32f10x_tim.o(.text)
    TIM_SetCompare1                          0x08001aa9   Thumb Code     4  stm32f10x_tim.o(.text)
    TIM_SetCompare2                          0x08001aad   Thumb Code     4  stm32f10x_tim.o(.text)
    TIM_SetCompare3                          0x08001ab1   Thumb Code     4  stm32f10x_tim.o(.text)
    TIM_SetCompare4                          0x08001ab5   Thumb Code     6  stm32f10x_tim.o(.text)
    TIM_SetClockDivision                     0x08001abb   Thumb Code    18  stm32f10x_tim.o(.text)
    TIM_GetCapture1                          0x08001acd   Thumb Code     6  stm32f10x_tim.o(.text)
    TIM_GetCapture2                          0x08001ad3   Thumb Code     6  stm32f10x_tim.o(.text)
    TIM_GetCapture3                          0x08001ad9   Thumb Code     6  stm32f10x_tim.o(.text)
    TIM_GetCapture4                          0x08001adf   Thumb Code     8  stm32f10x_tim.o(.text)
    TIM_GetCounter                           0x08001ae7   Thumb Code     6  stm32f10x_tim.o(.text)
    TIM_GetPrescaler                         0x08001aed   Thumb Code     6  stm32f10x_tim.o(.text)
    TIM_GetFlagStatus                        0x08001af3   Thumb Code    18  stm32f10x_tim.o(.text)
    TIM_ClearFlag                            0x08001b05   Thumb Code     6  stm32f10x_tim.o(.text)
    TIM_GetITStatus                          0x08001b0b   Thumb Code    34  stm32f10x_tim.o(.text)
    TIM_ClearITPendingBit                    0x08001b2d   Thumb Code     6  stm32f10x_tim.o(.text)
    USART_DeInit                             0x08001b35   Thumb Code   134  stm32f10x_usart.o(.text)
    USART_Init                               0x08001bbb   Thumb Code   210  stm32f10x_usart.o(.text)
    USART_StructInit                         0x08001c8d   Thumb Code    24  stm32f10x_usart.o(.text)
    USART_ClockInit                          0x08001ca5   Thumb Code    34  stm32f10x_usart.o(.text)
    USART_ClockStructInit                    0x08001cc7   Thumb Code    12  stm32f10x_usart.o(.text)
    USART_Cmd                                0x08001cd3   Thumb Code    24  stm32f10x_usart.o(.text)
    USART_ITConfig                           0x08001ceb   Thumb Code    74  stm32f10x_usart.o(.text)
    USART_DMACmd                             0x08001d35   Thumb Code    18  stm32f10x_usart.o(.text)
    USART_SetAddress                         0x08001d47   Thumb Code    18  stm32f10x_usart.o(.text)
    USART_WakeUpConfig                       0x08001d59   Thumb Code    18  stm32f10x_usart.o(.text)
    USART_ReceiverWakeUpCmd                  0x08001d6b   Thumb Code    24  stm32f10x_usart.o(.text)
    USART_LINBreakDetectLengthConfig         0x08001d83   Thumb Code    18  stm32f10x_usart.o(.text)
    USART_LINCmd                             0x08001d95   Thumb Code    24  stm32f10x_usart.o(.text)
    USART_SendData                           0x08001dad   Thumb Code     8  stm32f10x_usart.o(.text)
    USART_ReceiveData                        0x08001db5   Thumb Code    10  stm32f10x_usart.o(.text)
    USART_SendBreak                          0x08001dbf   Thumb Code    10  stm32f10x_usart.o(.text)
    USART_SetGuardTime                       0x08001dc9   Thumb Code    16  stm32f10x_usart.o(.text)
    USART_SetPrescaler                       0x08001dd9   Thumb Code    16  stm32f10x_usart.o(.text)
    USART_SmartCardCmd                       0x08001de9   Thumb Code    24  stm32f10x_usart.o(.text)
    USART_SmartCardNACKCmd                   0x08001e01   Thumb Code    24  stm32f10x_usart.o(.text)
    USART_HalfDuplexCmd                      0x08001e19   Thumb Code    24  stm32f10x_usart.o(.text)
    USART_OverSampling8Cmd                   0x08001e31   Thumb Code    22  stm32f10x_usart.o(.text)
    USART_OneBitMethodCmd                    0x08001e47   Thumb Code    24  stm32f10x_usart.o(.text)
    USART_IrDAConfig                         0x08001e5f   Thumb Code    18  stm32f10x_usart.o(.text)
    USART_IrDACmd                            0x08001e71   Thumb Code    24  stm32f10x_usart.o(.text)
    USART_GetFlagStatus                      0x08001e89   Thumb Code    26  stm32f10x_usart.o(.text)
    USART_ClearFlag                          0x08001ea3   Thumb Code    18  stm32f10x_usart.o(.text)
    USART_GetITStatus                        0x08001eb5   Thumb Code    84  stm32f10x_usart.o(.text)
    USART_ClearITPendingBit                  0x08001f09   Thumb Code    52  stm32f10x_usart.o(.text)
    NVIC_Configuration                       0x08001f3d   Thumb Code    12  sys.o(.text)
    vListInitialise                          0x08001f49   Thumb Code    26  list.o(.text)
    vListInitialiseItem                      0x08001f63   Thumb Code     6  list.o(.text)
    vListInsertEnd                           0x08001f69   Thumb Code    24  list.o(.text)
    vListInsert                              0x08001f81   Thumb Code    52  list.o(.text)
    uxListRemove                             0x08001fb5   Thumb Code    40  list.o(.text)
    pxPortInitialiseStack                    0x08001ff3   Thumb Code    30  port.o(.text)
    vPortSetupTimerInterrupt                 0x08002011   Thumb Code    14  port.o(.text)
    xPortStartScheduler                      0x0800201f   Thumb Code    42  port.o(.text)
    vPortEndScheduler                        0x08002049   Thumb Code     2  port.o(.text)
    vPortEnterCritical                       0x0800204b   Thumb Code    30  port.o(.text)
    vPortExitCritical                        0x08002069   Thumb Code    28  port.o(.text)
    xPortSysTickHandler                      0x08002085   Thumb Code    48  port.o(.text)
    xTaskCreate                              0x08002221   Thumb Code    96  tasks.o(.text)
    vTaskDelete                              0x080022bd   Thumb Code   166  tasks.o(.text)
    xTaskIncrementTick                       0x08002363   Thumb Code   238  tasks.o(.text)
    xTaskResumeAll                           0x08002451   Thumb Code   284  tasks.o(.text)
    vTaskSuspendAll                          0x080025e9   Thumb Code    12  tasks.o(.text)
    vTaskDelayUntil                          0x080025f5   Thumb Code   106  tasks.o(.text)
    vTaskDelay                               0x0800265f   Thumb Code    46  tasks.o(.text)
    uxTaskPriorityGet                        0x0800268d   Thumb Code    30  tasks.o(.text)
    uxTaskPriorityGetFromISR                 0x080026ab   Thumb Code    52  tasks.o(.text)
    vTaskPrioritySet                         0x080026df   Thumb Code   216  tasks.o(.text)
    vTaskSwitchContext                       0x080027b7   Thumb Code    76  tasks.o(.text)
    vTaskSuspend                             0x08002803   Thumb Code   160  tasks.o(.text)
    vTaskResume                              0x080028db   Thumb Code   170  tasks.o(.text)
    xTaskResumeFromISR                       0x08002985   Thumb Code   130  tasks.o(.text)
    vTaskStartScheduler                      0x08002a7d   Thumb Code    72  tasks.o(.text)
    vTaskEndScheduler                        0x08002ac5   Thumb Code    32  tasks.o(.text)
    xTaskGetTickCount                        0x08002ae5   Thumb Code     6  tasks.o(.text)
    xTaskGetTickCountFromISR                 0x08002aeb   Thumb Code     8  tasks.o(.text)
    uxTaskGetNumberOfTasks                   0x08002af3   Thumb Code     6  tasks.o(.text)
    pcTaskGetName                            0x08002af9   Thumb Code    20  tasks.o(.text)
    vTaskPlaceOnEventList                    0x08002b0d   Thumb Code    28  tasks.o(.text)
    vTaskPlaceOnUnorderedEventList           0x08002b29   Thumb Code    40  tasks.o(.text)
    xTaskRemoveFromEventList                 0x08002b51   Thumb Code   104  tasks.o(.text)
    xTaskRemoveFromUnorderedEventList        0x08002bb9   Thumb Code    94  tasks.o(.text)
    vTaskSetTimeOutState                     0x08002c17   Thumb Code    14  tasks.o(.text)
    xTaskCheckForTimeOut                     0x08002c25   Thumb Code    84  tasks.o(.text)
    vTaskMissedYield                         0x08002c79   Thumb Code     8  tasks.o(.text)
    xTaskGetCurrentTaskHandle                0x08002c81   Thumb Code     6  tasks.o(.text)
    uxTaskResetEventItemValue                0x08002c87   Thumb Code    24  tasks.o(.text)
    ulTaskNotifyTake                         0x08002c9f   Thumb Code   108  tasks.o(.text)
    xTaskNotifyWait                          0x08002d0b   Thumb Code   224  tasks.o(.text)
    xTaskGenericNotify                       0x08002deb   Thumb Code   178  tasks.o(.text)
    xTaskGenericNotifyFromISR                0x08002e9d   Thumb Code   228  tasks.o(.text)
    vTaskNotifyGiveFromISR                   0x08002f81   Thumb Code   154  tasks.o(.text)
    xTaskNotifyStateClear                    0x0800301b   Thumb Code    48  tasks.o(.text)
    pvPortMalloc                             0x08003093   Thumb Code   166  heap_2.o(.text)
    vPortFree                                0x08003139   Thumb Code    56  heap_2.o(.text)
    xPortGetFreeHeapSize                     0x08003171   Thumb Code     6  heap_2.o(.text)
    vPortInitialiseBlocks                    0x08003177   Thumb Code     2  heap_2.o(.text)
    TIM2_PWM_Init                            0x0800318d   Thumb Code   352  timer2_pwm.o(.text)
    pidInit                                  0x080032f1   Thumb Code    42  pid.o(.text)
    pidReset                                 0x0800331b   Thumb Code    12  pid.o(.text)
    PID                                      0x08003327   Thumb Code   224  pid.o(.text)
    PI                                       0x08003407   Thumb Code   126  pid.o(.text)
    P                                        0x08003485   Thumb Code    34  pid.o(.text)
    pwm1                                     0x080034a9   Thumb Code    66  pwm.o(.text)
    pwm2                                     0x080034eb   Thumb Code    66  pwm.o(.text)
    pwm3                                     0x0800352d   Thumb Code    66  pwm.o(.text)
    pwm4                                     0x0800356f   Thumb Code    66  pwm.o(.text)
    expRC                                    0x080035bd   Thumb Code    62  reveiver.o(.text)
    getReceriverData                         0x080035fb   Thumb Code    26  reveiver.o(.text)
    xTaskReceiver                            0x08003615   Thumb Code   586  reveiver.o(.text)
    updateRC                                 0x0800385f   Thumb Code    32  reveiver.o(.text)
    TIM3_Cap_Init                            0x0800387f   Thumb Code   476  reveiver.o(.text)
    TIM3_IRQHandler                          0x08003a5b   Thumb Code   354  reveiver.o(.text)
    rotorPwm                                 0x08003c23   Thumb Code   290  rotors.o(.text)
    sysInit                                  0x08003d49   Thumb Code    72  sys_init.o(.text)
    TIM4_Ctrl_Init                           0x08003d91   Thumb Code    90  att_controller.o(.text)
    TIM4_IRQHandler                          0x08003deb   Thumb Code    56  att_controller.o(.text)
    xTaskController                          0x08003e23   Thumb Code   390  att_controller.o(.text)
    _sys_exit                                0x08004025   Thumb Code     6  usart3_imu.o(.text)
    fputc                                    0x0800402b   Thumb Code    32  usart3_imu.o(.text)
    vUART3Init                               0x0800404b   Thumb Code   164  usart3_imu.o(.text)
    IMUUpdate                                0x080040ef   Thumb Code    32  usart3_imu.o(.text)
    USART3_IRQHandler                        0x0800410f   Thumb Code   106  usart3_imu.o(.text)
    xTaskIMUDecoder                          0x08004179   Thumb Code   484  usart3_imu.o(.text)
    __use_no_semihosting                     0x08004395   Thumb Code     2  use_no_semi_2.o(.text)
    __use_two_region_memory                  0x08004397   Thumb Code     2  heapauxi.o(.text)
    __rt_heap_escrow$2region                 0x08004399   Thumb Code     2  heapauxi.o(.text)
    __rt_heap_expand$2region                 0x0800439b   Thumb Code     2  heapauxi.o(.text)
    __I$use$semihosting                      0x0800439d   Thumb Code     0  use_no_semi.o(.text)
    __use_no_semihosting_swi                 0x0800439d   Thumb Code     2  use_no_semi.o(.text)
    __read_errno                             0x0800439f   Thumb Code    10  _rserrno.o(.text)
    __set_errno                              0x080043a9   Thumb Code    12  _rserrno.o(.text)
    __aeabi_errno_addr                       0x080043b5   Thumb Code     8  rt_errno_addr_intlibspace.o(.text)
    __errno$intlibspace                      0x080043b5   Thumb Code     0  rt_errno_addr_intlibspace.o(.text)
    __rt_errno_addr$intlibspace              0x080043b5   Thumb Code     0  rt_errno_addr_intlibspace.o(.text)
    __user_libspace                          0x080043bd   Thumb Code     8  libspace.o(.text)
    __user_perproc_libspace                  0x080043bd   Thumb Code     0  libspace.o(.text)
    __user_perthread_libspace                0x080043bd   Thumb Code     0  libspace.o(.text)
    __user_setup_stackheap                   0x080043c5   Thumb Code    74  sys_stackheap_outer.o(.text)
    exit                                     0x0800440f   Thumb Code    12  exit.o(.text)
    __ARM_fpclassify                         0x0800441b   Thumb Code    40  fpclassify.o(i.__ARM_fpclassify)
    __ARM_fpclassifyf                        0x08004443   Thumb Code    38  fpclassifyf.o(i.__ARM_fpclassifyf)
    __ieee754_rem_pio2                       0x08004469   Thumb Code   832  rred.o(i.__ieee754_rem_pio2)
    __kernel_cos                             0x080047f1   Thumb Code   230  cos_i.o(i.__kernel_cos)
    __kernel_poly                            0x080048ed   Thumb Code   170  poly.o(i.__kernel_poly)
    __kernel_sin                             0x08004999   Thumb Code   224  sin_i.o(i.__kernel_sin)
    __mathlib_dbl_underflow                  0x08004a85   Thumb Code    10  dunder.o(i.__mathlib_dbl_underflow)
    __mathlib_flt_underflow                  0x08004a95   Thumb Code    10  funder.o(i.__mathlib_flt_underflow)
    cos                                      0x08004aa1   Thumb Code   164  cos.o(i.cos)
    __mathlib_powf                           0x08004b4d   Thumb Code     0  powf.o(i.powf)
    powf                                     0x08004b4d   Thumb Code  1512  powf.o(i.powf)
    __aeabi_d2f                              0x0800514d   Thumb Code     0  d2f.o(x$fpl$d2f)
    _d2f                                     0x0800514d   Thumb Code    98  d2f.o(x$fpl$d2f)
    __aeabi_dadd                             0x080051b1   Thumb Code     0  daddsub_clz.o(x$fpl$dadd)
    _dadd                                    0x080051b1   Thumb Code   332  daddsub_clz.o(x$fpl$dadd)
    __fpl_dcheck_NaN1                        0x08005301   Thumb Code    10  dcheck1.o(x$fpl$dcheck1)
    __fpl_dcmp_Inf                           0x08005311   Thumb Code    24  dcmpi.o(x$fpl$dcmpinf)
    __aeabi_ddiv                             0x08005329   Thumb Code     0  ddiv.o(x$fpl$ddiv)
    _ddiv                                    0x08005329   Thumb Code   552  ddiv.o(x$fpl$ddiv)
    __aeabi_d2iz                             0x080055d9   Thumb Code     0  dfix.o(x$fpl$dfix)
    _dfix                                    0x080055d9   Thumb Code    94  dfix.o(x$fpl$dfix)
    __aeabi_d2uiz                            0x08005639   Thumb Code     0  dfixu.o(x$fpl$dfixu)
    _dfixu                                   0x08005639   Thumb Code    90  dfixu.o(x$fpl$dfixu)
    __aeabi_i2d                              0x08005693   Thumb Code     0  dflt_clz.o(x$fpl$dflt)
    _dflt                                    0x08005693   Thumb Code    46  dflt_clz.o(x$fpl$dflt)
    __aeabi_ui2d                             0x080056c1   Thumb Code     0  dflt_clz.o(x$fpl$dfltu)
    _dfltu                                   0x080056c1   Thumb Code    38  dflt_clz.o(x$fpl$dfltu)
    __aeabi_cdcmple                          0x080056e9   Thumb Code     0  dleqf.o(x$fpl$dleqf)
    _dcmple                                  0x080056e9   Thumb Code   120  dleqf.o(x$fpl$dleqf)
    __fpl_dcmple_InfNaN                      0x0800574b   Thumb Code     0  dleqf.o(x$fpl$dleqf)
    __aeabi_dmul                             0x08005761   Thumb Code     0  dmul.o(x$fpl$dmul)
    _dmul                                    0x08005761   Thumb Code   332  dmul.o(x$fpl$dmul)
    __fpl_dnaninf                            0x080058b5   Thumb Code   156  dnaninf.o(x$fpl$dnaninf)
    __fpl_dretinf                            0x08005951   Thumb Code    12  dretinf.o(x$fpl$dretinf)
    __aeabi_cdrcmple                         0x0800595d   Thumb Code     0  drleqf.o(x$fpl$drleqf)
    _drcmple                                 0x0800595d   Thumb Code   108  drleqf.o(x$fpl$drleqf)
    __aeabi_drsub                            0x080059c9   Thumb Code     0  daddsub_clz.o(x$fpl$drsb)
    _drsb                                    0x080059c9   Thumb Code    22  daddsub_clz.o(x$fpl$drsb)
    __aeabi_dsub                             0x080059e1   Thumb Code     0  daddsub_clz.o(x$fpl$dsub)
    _dsub                                    0x080059e1   Thumb Code   464  daddsub_clz.o(x$fpl$dsub)
    __aeabi_f2d                              0x08005bb5   Thumb Code     0  f2d.o(x$fpl$f2d)
    _f2d                                     0x08005bb5   Thumb Code    86  f2d.o(x$fpl$f2d)
    __aeabi_fadd                             0x08005c0d   Thumb Code     0  faddsub_clz.o(x$fpl$fadd)
    _fadd                                    0x08005c0d   Thumb Code   196  faddsub_clz.o(x$fpl$fadd)
    __fpl_fcheck_NaN1                        0x08005cd1   Thumb Code     6  fcheck1.o(x$fpl$fcheck1)
    __fpl_fcmp_Inf                           0x08005cdd   Thumb Code    24  fcmpi.o(x$fpl$fcmpinf)
    __aeabi_fdiv                             0x08005cf5   Thumb Code     0  fdiv.o(x$fpl$fdiv)
    _fdiv                                    0x08005cf5   Thumb Code   384  fdiv.o(x$fpl$fdiv)
    __aeabi_cfcmpeq                          0x08005e79   Thumb Code     0  feqf.o(x$fpl$feqf)
    _fcmpeq                                  0x08005e79   Thumb Code   104  feqf.o(x$fpl$feqf)
    _ffix_r                                  0x08005ee1   Thumb Code    82  ffix.o(x$fpl$ffixr)
    __aeabi_i2f                              0x08005f35   Thumb Code     0  fflt_clz.o(x$fpl$fflt)
    _fflt                                    0x08005f35   Thumb Code    48  fflt_clz.o(x$fpl$fflt)
    __aeabi_cfcmple                          0x08005f65   Thumb Code     0  fleqf.o(x$fpl$fleqf)
    _fcmple                                  0x08005f65   Thumb Code   104  fleqf.o(x$fpl$fleqf)
    __fpl_fcmple_InfNaN                      0x08005fb7   Thumb Code     0  fleqf.o(x$fpl$fleqf)
    __aeabi_fmul                             0x08005fcd   Thumb Code     0  fmul.o(x$fpl$fmul)
    _fmul                                    0x08005fcd   Thumb Code   258  fmul.o(x$fpl$fmul)
    __fpl_fnaninf                            0x080060cf   Thumb Code   140  fnaninf.o(x$fpl$fnaninf)
    __fpl_fretinf                            0x0800615b   Thumb Code    10  fretinf.o(x$fpl$fretinf)
    __aeabi_cfrcmple                         0x08006165   Thumb Code     0  frleqf.o(x$fpl$frleqf)
    _frcmple                                 0x08006165   Thumb Code    98  frleqf.o(x$fpl$frleqf)
    __aeabi_frsub                            0x080061c7   Thumb Code     0  faddsub_clz.o(x$fpl$frsb)
    _frsb                                    0x080061c7   Thumb Code    20  faddsub_clz.o(x$fpl$frsb)
    __aeabi_fsub                             0x080061dd   Thumb Code     0  faddsub_clz.o(x$fpl$fsub)
    _fsub                                    0x080061dd   Thumb Code   234  faddsub_clz.o(x$fpl$fsub)
    __fpl_return_NaN                         0x080062c7   Thumb Code   100  retnan.o(x$fpl$retnan)
    __ARM_scalbn                             0x0800632b   Thumb Code    92  scalbn.o(x$fpl$scalbn)
    __ARM_scalbnf                            0x08006387   Thumb Code    76  scalbnf.o(x$fpl$scalbnf)
    __fpl_cmpreturn                          0x080063d3   Thumb Code    48  trapv.o(x$fpl$trapveneer)
    __I$use$fp                               0x08006402   Number         0  usenofp.o(x$fpl$usenofp)
    Region$$Table$$Base                      0x08006668   Number         0  anon$$obj.o(Region$$Table)
    Region$$Table$$Limit                     0x08006688   Number         0  anon$$obj.o(Region$$Table)
    SystemCoreClock                          0x20000000   Data           4  system_stm32f10x.o(.data)
    AHBPrescTable                            0x20000004   Data          16  system_stm32f10x.o(.data)
    pxCurrentTCB                             0x2000002c   Data           4  tasks.o(.data)
    __stdout                                 0x200000b4   Data           4  usart3_imu.o(.data)
    __libspace_start                         0x20004728   Data          96  libspace.o(.bss)
    __temporary_stack_top$libspace           0x20004788   Data           0  libspace.o(.bss)



==============================================================================

Memory Map of the image

  Image Entry point : 0x08000131

  Load Region LR_IROM1 (Base: 0x08000000, Size: 0x00006748, Max: 0x00080000, ABSOLUTE)

    Execution Region ER_IROM1 (Base: 0x08000000, Size: 0x00006688, Max: 0x00080000, ABSOLUTE)

    Base Addr    Size         Type   Attr      Idx    E Section Name        Object

    0x08000000   0x00000130   Data   RO          168    RESET               startup_stm32f10x_hd.o
    0x08000130   0x00000008   Code   RO          587  * !!!main             c_w.l(__main.o)
    0x08000138   0x00000034   Code   RO          879    !!!scatter          c_w.l(__scatter.o)
    0x0800016c   0x0000001a   Code   RO          881    !!handler_copy      c_w.l(__scatter_copy.o)
    0x08000186   0x00000002   PAD
    0x08000188   0x0000001c   Code   RO          883    !!handler_zi        c_w.l(__scatter_zi.o)
    0x080001a4   0x00000002   Code   RO          755    .ARM.Collect$$libinit$$00000000  c_w.l(libinit.o)
    0x080001a6   0x00000000   Code   RO          761    .ARM.Collect$$libinit$$00000002  c_w.l(libinit2.o)
    0x080001a6   0x00000000   Code   RO          764    .ARM.Collect$$libinit$$00000008  c_w.l(libinit2.o)
    0x080001a6   0x00000000   Code   RO          766    .ARM.Collect$$libinit$$0000000A  c_w.l(libinit2.o)
    0x080001a6   0x00000000   Code   RO          768    .ARM.Collect$$libinit$$0000000C  c_w.l(libinit2.o)
    0x080001a6   0x00000000   Code   RO          771    .ARM.Collect$$libinit$$0000000F  c_w.l(libinit2.o)
    0x080001a6   0x00000000   Code   RO          773    .ARM.Collect$$libinit$$00000011  c_w.l(libinit2.o)
    0x080001a6   0x00000000   Code   RO          775    .ARM.Collect$$libinit$$00000013  c_w.l(libinit2.o)
    0x080001a6   0x00000000   Code   RO          777    .ARM.Collect$$libinit$$00000015  c_w.l(libinit2.o)
    0x080001a6   0x00000000   Code   RO          779    .ARM.Collect$$libinit$$00000017  c_w.l(libinit2.o)
    0x080001a6   0x00000000   Code   RO          781    .ARM.Collect$$libinit$$00000019  c_w.l(libinit2.o)
    0x080001a6   0x00000000   Code   RO          783    .ARM.Collect$$libinit$$0000001B  c_w.l(libinit2.o)
    0x080001a6   0x00000000   Code   RO          785    .ARM.Collect$$libinit$$0000001D  c_w.l(libinit2.o)
    0x080001a6   0x00000000   Code   RO          787    .ARM.Collect$$libinit$$0000001F  c_w.l(libinit2.o)
    0x080001a6   0x00000000   Code   RO          789    .ARM.Collect$$libinit$$00000021  c_w.l(libinit2.o)
    0x080001a6   0x00000000   Code   RO          791    .ARM.Collect$$libinit$$00000023  c_w.l(libinit2.o)
    0x080001a6   0x00000000   Code   RO          795    .ARM.Collect$$libinit$$0000002A  c_w.l(libinit2.o)
    0x080001a6   0x00000000   Code   RO          797    .ARM.Collect$$libinit$$0000002C  c_w.l(libinit2.o)
    0x080001a6   0x00000000   Code   RO          799    .ARM.Collect$$libinit$$0000002E  c_w.l(libinit2.o)
    0x080001a6   0x00000000   Code   RO          801    .ARM.Collect$$libinit$$00000030  c_w.l(libinit2.o)
    0x080001a6   0x00000002   Code   RO          802    .ARM.Collect$$libinit$$00000031  c_w.l(libinit2.o)
    0x080001a8   0x00000002   Code   RO          822    .ARM.Collect$$libshutdown$$00000000  c_w.l(libshutdown.o)
    0x080001aa   0x00000000   Code   RO          833    .ARM.Collect$$libshutdown$$00000003  c_w.l(libshutdown2.o)
    0x080001aa   0x00000000   Code   RO          836    .ARM.Collect$$libshutdown$$00000006  c_w.l(libshutdown2.o)
    0x080001aa   0x00000000   Code   RO          839    .ARM.Collect$$libshutdown$$00000009  c_w.l(libshutdown2.o)
    0x080001aa   0x00000000   Code   RO          841    .ARM.Collect$$libshutdown$$0000000B  c_w.l(libshutdown2.o)
    0x080001aa   0x00000000   Code   RO          844    .ARM.Collect$$libshutdown$$0000000E  c_w.l(libshutdown2.o)
    0x080001aa   0x00000002   Code   RO          845    .ARM.Collect$$libshutdown$$0000000F  c_w.l(libshutdown2.o)
    0x080001ac   0x00000000   Code   RO          655    .ARM.Collect$$rtentry$$00000000  c_w.l(rtentry.o)
    0x080001ac   0x00000000   Code   RO          704    .ARM.Collect$$rtentry$$00000002  c_w.l(rtentry2.o)
    0x080001ac   0x00000006   Code   RO          716    .ARM.Collect$$rtentry$$00000004  c_w.l(rtentry4.o)
    0x080001b2   0x00000000   Code   RO          706    .ARM.Collect$$rtentry$$00000009  c_w.l(rtentry2.o)
    0x080001b2   0x00000004   Code   RO          707    .ARM.Collect$$rtentry$$0000000A  c_w.l(rtentry2.o)
    0x080001b6   0x00000000   Code   RO          709    .ARM.Collect$$rtentry$$0000000C  c_w.l(rtentry2.o)
    0x080001b6   0x00000008   Code   RO          710    .ARM.Collect$$rtentry$$0000000D  c_w.l(rtentry2.o)
    0x080001be   0x00000002   Code   RO          758    .ARM.Collect$$rtexit$$00000000  c_w.l(rtexit.o)
    0x080001c0   0x00000000   Code   RO          806    .ARM.Collect$$rtexit$$00000002  c_w.l(rtexit2.o)
    0x080001c0   0x00000004   Code   RO          807    .ARM.Collect$$rtexit$$00000003  c_w.l(rtexit2.o)
    0x080001c4   0x00000006   Code   RO          808    .ARM.Collect$$rtexit$$00000004  c_w.l(rtexit2.o)
    0x080001ca   0x00000002   PAD
    0x080001cc   0x00000096   Code   RO          328    .emb_text           port.o
    0x08000262   0x00000002   PAD
    0x08000264   0x000000a4   Code   RO            1    .text               main.o
    0x08000308   0x0000001a   Code   RO          105    .text               stm32f10x_it.o
    0x08000322   0x00000002   PAD
    0x08000324   0x000001dc   Code   RO          137    .text               system_stm32f10x.o
    0x08000500   0x00000040   Code   RO          169    .text               startup_stm32f10x_hd.o
    0x08000540   0x000000dc   Code   RO          173    .text               misc.o
    0x0800061c   0x00000358   Code   RO          215    .text               stm32f10x_gpio.o
    0x08000974   0x000003a4   Code   RO          227    .text               stm32f10x_rcc.o
    0x08000d18   0x00000e1a   Code   RO          271    .text               stm32f10x_tim.o
    0x08001b32   0x00000002   PAD
    0x08001b34   0x00000408   Code   RO          283    .text               stm32f10x_usart.o
    0x08001f3c   0x0000000c   Code   RO          295    .text               sys.o
    0x08001f48   0x00000094   Code   RO          307    .text               list.o
    0x08001fdc   0x000000e8   Code   RO          329    .text               port.o
    0x080020c4   0x00000fa4   Code   RO          388    .text               tasks.o
    0x08003068   0x00000124   Code   RO          428    .text               heap_2.o
    0x0800318c   0x00000164   Code   RO          443    .text               timer2_pwm.o
    0x080032f0   0x000001b6   Code   RO          461    .text               pid.o
    0x080034a6   0x00000002   PAD
    0x080034a8   0x00000114   Code   RO          476    .text               pwm.o
    0x080035bc   0x00000628   Code   RO          488    .text               reveiver.o
    0x08003be4   0x00000164   Code   RO          513    .text               rotors.o
    0x08003d48   0x00000048   Code   RO          528    .text               sys_init.o
    0x08003d90   0x00000294   Code   RO          544    .text               att_controller.o
    0x08004024   0x00000370   Code   RO          559    .text               usart3_imu.o
    0x08004394   0x00000002   Code   RO          581    .text               c_w.l(use_no_semi_2.o)
    0x08004396   0x00000006   Code   RO          585    .text               c_w.l(heapauxi.o)
    0x0800439c   0x00000002   Code   RO          653    .text               c_w.l(use_no_semi.o)
    0x0800439e   0x00000016   Code   RO          656    .text               c_w.l(_rserrno.o)
    0x080043b4   0x00000008   Code   RO          721    .text               c_w.l(rt_errno_addr_intlibspace.o)
    0x080043bc   0x00000008   Code   RO          743    .text               c_w.l(libspace.o)
    0x080043c4   0x0000004a   Code   RO          746    .text               c_w.l(sys_stackheap_outer.o)
    0x0800440e   0x0000000c   Code   RO          748    .text               c_w.l(exit.o)
    0x0800441a   0x00000028   Code   RO          739    i.__ARM_fpclassify  m_ws.l(fpclassify.o)
    0x08004442   0x00000026   Code   RO          688    i.__ARM_fpclassifyf  m_ws.l(fpclassifyf.o)
    0x08004468   0x00000388   Code   RO          692    i.__ieee754_rem_pio2  m_ws.l(rred.o)
    0x080047f0   0x000000fc   Code   RO          685    i.__kernel_cos      m_ws.l(cos_i.o)
    0x080048ec   0x000000aa   Code   RO          741    i.__kernel_poly     m_ws.l(poly.o)
    0x08004996   0x00000002   PAD
    0x08004998   0x000000ec   Code   RO          697    i.__kernel_sin      m_ws.l(sin_i.o)
    0x08004a84   0x00000010   Code   RO          737    i.__mathlib_dbl_underflow  m_ws.l(dunder.o)
    0x08004a94   0x0000000a   Code   RO          690    i.__mathlib_flt_underflow  m_ws.l(funder.o)
    0x08004a9e   0x00000002   PAD
    0x08004aa0   0x000000ac   Code   RO          636    i.cos               m_ws.l(cos.o)
    0x08004b4c   0x00000600   Code   RO          644    i.powf              m_ws.l(powf.o)
    0x0800514c   0x00000062   Code   RO          589    x$fpl$d2f           fz_ws.l(d2f.o)
    0x080051ae   0x00000002   PAD
    0x080051b0   0x00000150   Code   RO          591    x$fpl$dadd          fz_ws.l(daddsub_clz.o)
    0x08005300   0x00000010   Code   RO          723    x$fpl$dcheck1       fz_ws.l(dcheck1.o)
    0x08005310   0x00000018   Code   RO          660    x$fpl$dcmpinf       fz_ws.l(dcmpi.o)
    0x08005328   0x000002b0   Code   RO          598    x$fpl$ddiv          fz_ws.l(ddiv.o)
    0x080055d8   0x0000005e   Code   RO          725    x$fpl$dfix          fz_ws.l(dfix.o)
    0x08005636   0x00000002   PAD
    0x08005638   0x0000005a   Code   RO          601    x$fpl$dfixu         fz_ws.l(dfixu.o)
    0x08005692   0x0000002e   Code   RO          730    x$fpl$dflt          fz_ws.l(dflt_clz.o)
    0x080056c0   0x00000026   Code   RO          729    x$fpl$dfltu         fz_ws.l(dflt_clz.o)
    0x080056e6   0x00000002   PAD
    0x080056e8   0x00000078   Code   RO          605    x$fpl$dleqf         fz_ws.l(dleqf.o)
    0x08005760   0x00000154   Code   RO          607    x$fpl$dmul          fz_ws.l(dmul.o)
    0x080058b4   0x0000009c   Code   RO          662    x$fpl$dnaninf       fz_ws.l(dnaninf.o)
    0x08005950   0x0000000c   Code   RO          664    x$fpl$dretinf       fz_ws.l(dretinf.o)
    0x0800595c   0x0000006c   Code   RO          609    x$fpl$drleqf        fz_ws.l(drleqf.o)
    0x080059c8   0x00000016   Code   RO          592    x$fpl$drsb          fz_ws.l(daddsub_clz.o)
    0x080059de   0x00000002   PAD
    0x080059e0   0x000001d4   Code   RO          593    x$fpl$dsub          fz_ws.l(daddsub_clz.o)
    0x08005bb4   0x00000056   Code   RO          611    x$fpl$f2d           fz_ws.l(f2d.o)
    0x08005c0a   0x00000002   PAD
    0x08005c0c   0x000000c4   Code   RO          613    x$fpl$fadd          fz_ws.l(faddsub_clz.o)
    0x08005cd0   0x0000000c   Code   RO          735    x$fpl$fcheck1       fz_ws.l(fcheck1.o)
    0x08005cdc   0x00000018   Code   RO          666    x$fpl$fcmpinf       fz_ws.l(fcmpi.o)
    0x08005cf4   0x00000184   Code   RO          620    x$fpl$fdiv          fz_ws.l(fdiv.o)
    0x08005e78   0x00000068   Code   RO          668    x$fpl$feqf          fz_ws.l(feqf.o)
    0x08005ee0   0x00000052   Code   RO          671    x$fpl$ffixr         fz_ws.l(ffix.o)
    0x08005f32   0x00000002   PAD
    0x08005f34   0x00000030   Code   RO          624    x$fpl$fflt          fz_ws.l(fflt_clz.o)
    0x08005f64   0x00000068   Code   RO          629    x$fpl$fleqf         fz_ws.l(fleqf.o)
    0x08005fcc   0x00000102   Code   RO          631    x$fpl$fmul          fz_ws.l(fmul.o)
    0x080060ce   0x0000008c   Code   RO          674    x$fpl$fnaninf       fz_ws.l(fnaninf.o)
    0x0800615a   0x0000000a   Code   RO          676    x$fpl$fretinf       fz_ws.l(fretinf.o)
    0x08006164   0x00000062   Code   RO          633    x$fpl$frleqf        fz_ws.l(frleqf.o)
    0x080061c6   0x00000014   Code   RO          614    x$fpl$frsb          fz_ws.l(faddsub_clz.o)
    0x080061da   0x00000002   PAD
    0x080061dc   0x000000ea   Code   RO          615    x$fpl$fsub          fz_ws.l(faddsub_clz.o)
    0x080062c6   0x00000064   Code   RO          756    x$fpl$retnan        fz_ws.l(retnan.o)
    0x0800632a   0x0000005c   Code   RO          680    x$fpl$scalbn        fz_ws.l(scalbn.o)
    0x08006386   0x0000004c   Code   RO          682    x$fpl$scalbnf       fz_ws.l(scalbnf.o)
    0x080063d2   0x00000030   Code   RO          803    x$fpl$trapveneer    fz_ws.l(trapv.o)
    0x08006402   0x00000000   Code   RO          684    x$fpl$usenofp       fz_ws.l(usenofp.o)
    0x08006402   0x00000002   PAD
    0x08006404   0x00000140   Data   RO          645    .constdata          m_ws.l(powf.o)
    0x08006544   0x00000004   PAD
    0x08006548   0x00000030   Data   RO          686    .constdata          m_ws.l(cos_i.o)
    0x08006578   0x000000c8   Data   RO          694    .constdata          m_ws.l(rred.o)
    0x08006640   0x00000028   Data   RO          698    .constdata          m_ws.l(sin_i.o)
    0x08006668   0x00000020   Data   RO          877    Region$$Table       anon$$obj.o


    Execution Region RW_IRAM1 (Base: 0x20000000, Size: 0x00004d88, Max: 0x00010000, ABSOLUTE)

    Base Addr    Size         Type   Attr      Idx    E Section Name        Object

    0x20000000   0x00000014   Data   RW          138    .data               system_stm32f10x.o
    0x20000014   0x00000014   Data   RW          228    .data               stm32f10x_rcc.o
    0x20000028   0x00000004   Data   RW          330    .data               port.o
    0x2000002c   0x0000003c   Data   RW          390    .data               tasks.o
    0x20000068   0x00000018   Data   RW          430    .data               heap_2.o
    0x20000080   0x00000010   Data   RW          490    .data               reveiver.o
    0x20000090   0x0000001d   Data   RW          546    .data               att_controller.o
    0x200000ad   0x00000003   PAD
    0x200000b0   0x0000000d   Data   RW          561    .data               usart3_imu.o
    0x200000bd   0x00000003   PAD
    0x200000c0   0x000000c8   Zero   RW          389    .bss                tasks.o
    0x20000188   0x00004400   Zero   RW          429    .bss                heap_2.o
    0x20004588   0x00000020   Zero   RW          489    .bss                reveiver.o
    0x200045a8   0x00000150   Zero   RW          545    .bss                att_controller.o
    0x200046f8   0x00000030   Zero   RW          560    .bss                usart3_imu.o
    0x20004728   0x00000060   Zero   RW          744    .bss                c_w.l(libspace.o)
    0x20004788   0x00000200   Zero   RW          167    HEAP                startup_stm32f10x_hd.o
    0x20004988   0x00000400   Zero   RW          166    STACK               startup_stm32f10x_hd.o


==============================================================================

Image component sizes


      Code (inc. data)   RO Data    RW Data    ZI Data      Debug   Object Name

       660        124          0         29        336       1637   att_controller.o
         0          0          0          0          0         32   core_cm3.o
       292         20          0         24      17408       2924   heap_2.o
       148          0          0          0          0       3062   list.o
       164         86          0          0          0     262743   main.o
       220         20          0          0          0       1721   misc.o
       438          0          0          0          0       2944   pid.o
       382         28          0          4          0       6592   port.o
       276         12          0          0          0        986   pwm.o
      1576        150          0         16         32       3270   reveiver.o
       356          4          0          0          0       1395   rotors.o
        64         26        304          0       1536        756   startup_stm32f10x_hd.o
       856         40          0          0          0       5565   stm32f10x_gpio.o
        26          0          0          0          0       1142   stm32f10x_it.o
       932         44          0         20          0       8696   stm32f10x_rcc.o
      3610         88          0          0          0      22048   stm32f10x_tim.o
      1032         22          0          0          0       8292   stm32f10x_usart.o
        12          0          0          0          0        413   sys.o
        72          0          0          0          0        470   sys_init.o
       476         36          0         20          0       1623   system_stm32f10x.o
      4004        258          0         60        200      26049   tasks.o
       356          4          0          0          0        824   timer2_pwm.o
       880         56          0         13         48       3631   usart3_imu.o

    ----------------------------------------------------------------------
     16840       1018        336        192      19560     366815   Object Totals
         0          0         32          0          0          0   (incl. Generated)
         8          0          0          6          0          0   (incl. Padding)

    ----------------------------------------------------------------------

      Code (inc. data)   RO Data    RW Data    ZI Data      Debug   Library Member Name

         8          0          0          0          0         68   __main.o
        52          8          0          0          0          0   __scatter.o
        26          0          0          0          0          0   __scatter_copy.o
        28          0          0          0          0          0   __scatter_zi.o
        22          0          0          0          0        100   _rserrno.o
        12          0          0          0          0         72   exit.o
         6          0          0          0          0        152   heapauxi.o
         2          0          0          0          0          0   libinit.o
         2          0          0          0          0          0   libinit2.o
         2          0          0          0          0          0   libshutdown.o
         2          0          0          0          0          0   libshutdown2.o
         8          4          0          0         96         68   libspace.o
         8          4          0          0          0         68   rt_errno_addr_intlibspace.o
         0          0          0          0          0          0   rtentry.o
        12          0          0          0          0          0   rtentry2.o
         6          0          0          0          0          0   rtentry4.o
         2          0          0          0          0          0   rtexit.o
        10          0          0          0          0          0   rtexit2.o
        74          0          0          0          0         80   sys_stackheap_outer.o
         2          0          0          0          0         68   use_no_semi.o
         2          0          0          0          0         68   use_no_semi_2.o
        98          4          0          0          0         92   d2f.o
       826         16          0          0          0        356   daddsub_clz.o
        16          4          0          0          0         68   dcheck1.o
        24          0          0          0          0         68   dcmpi.o
       688        140          0          0          0        212   ddiv.o
        94          4          0          0          0         92   dfix.o
        90          4          0          0          0         92   dfixu.o
        84          0          0          0          0        136   dflt_clz.o
       120          4          0          0          0         92   dleqf.o
       340         12          0          0          0        104   dmul.o
       156          4          0          0          0         92   dnaninf.o
        12          0          0          0          0         68   dretinf.o
       108          0          0          0          0         80   drleqf.o
        86          4          0          0          0         84   f2d.o
       450          8          0          0          0        236   faddsub_clz.o
        12          4          0          0          0         68   fcheck1.o
        24          0          0          0          0         68   fcmpi.o
       388         76          0          0          0         96   fdiv.o
       104          4          0          0          0         84   feqf.o
        82          4          0          0          0         84   ffix.o
        48          0          0          0          0         68   fflt_clz.o
       104          4          0          0          0         84   fleqf.o
       258          4          0          0          0         84   fmul.o
       140          4          0          0          0         84   fnaninf.o
        10          0          0          0          0         68   fretinf.o
        98          0          0          0          0         68   frleqf.o
       100          0          0          0          0         68   retnan.o
        92          0          0          0          0         68   scalbn.o
        76          0          0          0          0         68   scalbnf.o
        48          0          0          0          0         68   trapv.o
         0          0          0          0          0          0   usenofp.o
       172          8          0          0          0        112   cos.o
       252         22         48          0          0        124   cos_i.o
        16          6          0          0          0         68   dunder.o
        40          0          0          0          0         68   fpclassify.o
        38          0          0          0          0         68   fpclassifyf.o
        10          0          0          0          0         68   funder.o
       170          0          0          0          0         96   poly.o
      1536         80        320          0          0        192   powf.o
       904         72        200          0          0        132   rred.o
       236         12         40          0          0        128   sin_i.o

    ----------------------------------------------------------------------
      8460        520        612          0         96       4800   Library Totals
        24          0          4          0          0          0   (incl. Padding)

    ----------------------------------------------------------------------

      Code (inc. data)   RO Data    RW Data    ZI Data      Debug   Library Name

       286         16          0          0         96        744   c_w.l
      4776        304          0          0          0       3000   fz_ws.l
      3374        200        608          0          0       1056   m_ws.l

    ----------------------------------------------------------------------
      8460        520        612          0         96       4800   Library Totals

    ----------------------------------------------------------------------

==============================================================================


      Code (inc. data)   RO Data    RW Data    ZI Data      Debug   

     25300       1538        948        192      19656     366779   Grand Totals
     25300       1538        948        192      19656     366779   ELF Image Totals
     25300       1538        948        192          0          0   ROM Totals

==============================================================================

    Total RO  Size (Code + RO Data)                26248 (  25.63kB)
    Total RW  Size (RW Data + ZI Data)             19848 (  19.38kB)
    Total ROM Size (Code + RO Data + RW Data)      26440 (  25.82kB)

==============================================================================

